<html>
<body>
<pre>
<h1>µVision Build Log</h1>
<h2>Tool Versions:</h2>
IDE-Version: £gVision V5.42.0.0
Copyright (C) 2025 ARM Ltd and ARM Germany GmbH. All rights reserved.
License Information: li minqian, NCKU, LIC=----
 
Tool Versions:
Toolchain:       MDK-Lite  Version: 5.42.0.0
Toolchain Path:  D:\keil_mdk\Keil_v5\ARM\ARMCLANG\Bin
C Compiler:      ArmClang.exe V6.23
Assembler:       Armasm.exe V6.23
Linker/Locator:  ArmLink.exe V6.23
Library Manager: ArmAr.exe V6.23
Hex Converter:   FromElf.exe V6.23
CPU DLL:         SARMCM3.DLL V5.42.0.0
Dialog DLL:      DCM.DLL V1.17.5.0
Target DLL:      STLink\ST-LINKIII-KEIL_SWO.dll V3.3.0.0
Dialog DLL:      TCM.DLL V1.56.6.0
 
<h2>Project:</h2>
E:\stm32_project\ai_motor_only\MDK-ARM\ai_motor_only.uvprojx
Project File Date:  05/10/2025

<h2>Output:</h2>
*** Using Compiler 'V6.23', folder: 'D:\keil_mdk\Keil_v5\ARM\ARMCLANG\Bin'
Build target 'ai_motor_only'
../Core/Src/main.c(107): warning: passing 'volatile ServoXM4340 *' (aka 'volatile struct ServoXM4340 *') to parameter of type 'ServoXM4340 *' (aka 'struct ServoXM4340 *') discards qualifiers [-Wincompatible-pointer-types-discards-qualifiers]
  107 |         setServo_TorqueENA(&myServo, TORQUE_DISABLE);
      |                            ^~~~~~~~
../XM430_STM_Library-main/XM430_STM_Library-main\my_dynamixel.h(93): note: passing argument to parameter 'servo' here
   93 | void setServo_TorqueENA(ServoXM4340 *servo, uint8_t torque);
      |                                      ^
../Core/Src/main.c(108): warning: passing 'volatile ServoXM4340 *' (aka 'volatile struct ServoXM4340 *') to parameter of type 'ServoXM4340 *' (aka 'struct ServoXM4340 *') discards qualifiers [-Wincompatible-pointer-types-discards-qualifiers]
  108 |   setServo_OperatingMode(&myServo, CurrentBased_POS_CtrlMode);
      |                          ^~~~~~~~
../XM430_STM_Library-main/XM430_STM_Library-main\my_dynamixel.h(91): note: passing argument to parameter 'servo' here
   91 | void setServo_OperatingMode(ServoXM4340 *servo, uint8_t operatingMode);
      |                                          ^
../Core/Src/main.c(111): warning: passing 'volatile ServoXM4340 *' (aka 'volatile struct ServoXM4340 *') to parameter of type 'ServoXM4340 *' (aka 'struct ServoXM4340 *') discards qualifiers [-Wincompatible-pointer-types-discards-qualifiers]
  111 |   myServo.TorqueENA = getServo_TorqueENA(&myServo);
      |                                          ^~~~~~~~
../XM430_STM_Library-main/XM430_STM_Library-main\my_dynamixel.h(113): note: passing argument to parameter 'servo' here
  113 | uint8_t getServo_TorqueENA(ServoXM4340 *servo);
      |                                         ^
../Core/Src/main.c(112): warning: passing 'volatile ServoXM4340 *' (aka 'volatile struct ServoXM4340 *') to parameter of type 'ServoXM4340 *' (aka 'struct ServoXM4340 *') discards qualifiers [-Wincompatible-pointer-types-discards-qualifiers]
  112 |   myServo.BaudRate = getServo_BaudRate(&myServo);
      |                                        ^~~~~~~~
../XM430_STM_Library-main/XM430_STM_Library-main\my_dynamixel.h(107): note: passing argument to parameter 'servo' here
  107 | int getServo_BaudRate(ServoXM4340 *servo);
      |                                    ^
../Core/Src/main.c(113): warning: passing 'volatile ServoXM4340 *' (aka 'volatile struct ServoXM4340 *') to parameter of type 'ServoXM4340 *' (aka 'struct ServoXM4340 *') discards qualifiers [-Wincompatible-pointer-types-discards-qualifiers]
  113 |   myServo.OperatingMode = getServo_OperatingMode(&myServo);
      |                                                  ^~~~~~~~
../XM430_STM_Library-main/XM430_STM_Library-main\my_dynamixel.h(123): note: passing argument to parameter 'servo' here
  123 | uint8_t getServo_OperatingMode(ServoXM4340 *servo);
      |                                             ^
../Core/Src/main.c(115): warning: passing 'volatile ServoXM4340 *' (aka 'volatile struct ServoXM4340 *') to parameter of type 'ServoXM4340 *' (aka 'struct ServoXM4340 *') discards qualifiers [-Wincompatible-pointer-types-discards-qualifiers]
  115 |         setServo_TorqueENA(&myServo, TORQUE_ENABLE);
      |                            ^~~~~~~~
../XM430_STM_Library-main/XM430_STM_Library-main\my_dynamixel.h(93): note: passing argument to parameter 'servo' here
   93 | void setServo_TorqueENA(ServoXM4340 *servo, uint8_t torque);
      |                                      ^
../Core/Src/main.c(116): warning: passing 'volatile ServoXM4340 *' (aka 'volatile struct ServoXM4340 *') to parameter of type 'ServoXM4340 *' (aka 'struct ServoXM4340 *') discards qualifiers [-Wincompatible-pointer-types-discards-qualifiers]
  116 |   setServo_GoalPosition(&myServo, 0);
      |                         ^~~~~~~~
../XM430_STM_Library-main/XM430_STM_Library-main\my_dynamixel.h(97): note: passing argument to parameter 'servo' here
   97 | void setServo_GoalPosition(ServoXM4340 *servo, const float angle);
      |                                         ^
../Core/Src/main.c(145): warning: passing 'volatile ServoXM4340 *' (aka 'volatile struct ServoXM4340 *') to parameter of type 'ServoXM4340 *' (aka 'struct ServoXM4340 *') discards qualifiers [-Wincompatible-pointer-types-discards-qualifiers]
  145 |           setServo_GoalPosition(&myServo, 100);
      |                                 ^~~~~~~~
../XM430_STM_Library-main/XM430_STM_Library-main\my_dynamixel.h(97): note: passing argument to parameter 'servo' here
   97 | void setServo_GoalPosition(ServoXM4340 *servo, const float angle);
      |                                         ^
../Core/Src/main.c(146): warning: passing 'volatile ServoXM4340 *' (aka 'volatile struct ServoXM4340 *') to parameter of type 'ServoXM4340 *' (aka 'struct ServoXM4340 *') discards qualifiers [-Wincompatible-pointer-types-discards-qualifiers]
  146 |                                         setServo_GoalCurrent(&myServo,150 );
      |                                                              ^~~~~~~~
../XM430_STM_Library-main/XM430_STM_Library-main\my_dynamixel.h(95): note: passing argument to parameter 'servo' here
   95 | void setServo_GoalCurrent(ServoXM4340 *servo, uint16_t current);
      |                                        ^
../Core/Src/main.c(151): warning: passing 'volatile ServoXM4340 *' (aka 'volatile struct ServoXM4340 *') to parameter of type 'ServoXM4340 *' (aka 'struct ServoXM4340 *') discards qualifiers [-Wincompatible-pointer-types-discards-qualifiers]
  151 |           setServo_GoalPosition(&myServo, 0);
      |                                 ^~~~~~~~
../XM430_STM_Library-main/XM430_STM_Library-main\my_dynamixel.h(97): note: passing argument to parameter 'servo' here
   97 | void setServo_GoalPosition(ServoXM4340 *servo, const float angle);
      |                                         ^
../Core/Src/main.c(152): warning: passing 'volatile ServoXM4340 *' (aka 'volatile struct ServoXM4340 *') to parameter of type 'ServoXM4340 *' (aka 'struct ServoXM4340 *') discards qualifiers [-Wincompatible-pointer-types-discards-qualifiers]
  152 |                                         setServo_GoalCurrent(&myServo,150 );
      |                                                              ^~~~~~~~
../XM430_STM_Library-main/XM430_STM_Library-main\my_dynamixel.h(95): note: passing argument to parameter 'servo' here
   95 | void setServo_GoalCurrent(ServoXM4340 *servo, uint16_t current);
      |                                        ^
../Core/Src/main.c(215): warning: passing 'volatile ServoXM4340 *' (aka 'volatile struct ServoXM4340 *') to parameter of type 'ServoXM4340 *' (aka 'struct ServoXM4340 *') discards qualifiers [-Wincompatible-pointer-types-discards-qualifiers]
  215 |     setServoResponse_RxFinished(&myServo, true);
      |                                 ^~~~~~~~
../XM430_STM_Library-main/XM430_STM_Library-main\my_dynamixel.h(81): note: passing argument to parameter 'servo' here
   81 | void setServoResponse_RxFinished(ServoXM4340 *servo, bool val);
      |                                               ^
12 warnings generated.
compiling main.c...
linking...
Program Size: Code=26168 RO-data=964 RW-data=44 ZI-data=3772  
FromELF: creating hex file...
"ai_motor_only\ai_motor_only.axf" - 0 Error(s), 12 Warning(s).

<h2>Software Packages used:</h2>

Package Vendor: ARM
                https://www.keil.com/pack/ARM.CMSIS.6.1.0.pack
                ARM::CMSIS@6.1.0
                CMSIS (Common Microcontroller Software Interface Standard)
   * Component: CORE Version: 6.1.0

Package Vendor: Keil
                https://www.keil.com/pack/Keil.STM32F4xx_DFP.3.0.0.pack
                Keil::STM32F4xx_DFP@3.0.0
                STMicroelectronics STM32F4 Series Device Support

<h2>Collection of Component include folders:</h2>
  ./RTE/_ai_motor_only
  D:/keil_mdk/Arm/Packs/ARM/CMSIS/6.1.0/CMSIS/Core/Include

<h2>Collection of Component Files used:</h2>

   * Component: ARM::CMSIS:CORE@6.1.0
Build Time Elapsed:  00:00:01
</pre>
</body>
</html>
