Component: Arm Compiler for Embedded 6.23 Tool: armlink [5f102400]

==============================================================================

Section Cross References

    startup_stm32f407xx.o(STACK) refers (Special) to heapauxi.o(.text) for __use_two_region_memory
    startup_stm32f407xx.o(HEAP) refers (Special) to heapauxi.o(.text) for __use_two_region_memory
    startup_stm32f407xx.o(RESET) refers (Special) to heapauxi.o(.text) for __use_two_region_memory
    startup_stm32f407xx.o(RESET) refers to startup_stm32f407xx.o(STACK) for __initial_sp
    startup_stm32f407xx.o(RESET) refers to startup_stm32f407xx.o(.text) for Reset_Handler
    startup_stm32f407xx.o(RESET) refers to stm32f4xx_it.o(.text.NMI_Handler) for NMI_Handler
    startup_stm32f407xx.o(RESET) refers to stm32f4xx_it.o(.text.HardFault_Handler) for HardFault_Handler
    startup_stm32f407xx.o(RESET) refers to stm32f4xx_it.o(.text.MemManage_Handler) for MemManage_Handler
    startup_stm32f407xx.o(RESET) refers to stm32f4xx_it.o(.text.BusFault_Handler) for BusFault_Handler
    startup_stm32f407xx.o(RESET) refers to stm32f4xx_it.o(.text.UsageFault_Handler) for UsageFault_Handler
    startup_stm32f407xx.o(RESET) refers to stm32f4xx_it.o(.text.SVC_Handler) for SVC_Handler
    startup_stm32f407xx.o(RESET) refers to stm32f4xx_it.o(.text.DebugMon_Handler) for DebugMon_Handler
    startup_stm32f407xx.o(RESET) refers to stm32f4xx_it.o(.text.PendSV_Handler) for PendSV_Handler
    startup_stm32f407xx.o(RESET) refers to stm32f4xx_it.o(.text.SysTick_Handler) for SysTick_Handler
    startup_stm32f407xx.o(RESET) refers to stm32f4xx_it.o(.text.USART2_IRQHandler) for USART2_IRQHandler
    startup_stm32f407xx.o(RESET) refers to stm32f4xx_it.o(.text.OTG_FS_IRQHandler) for OTG_FS_IRQHandler
    startup_stm32f407xx.o(.text) refers (Special) to heapauxi.o(.text) for __use_two_region_memory
    startup_stm32f407xx.o(.text) refers to system_stm32f4xx.o(.text.SystemInit) for SystemInit
    startup_stm32f407xx.o(.text) refers to __main.o(!!!main) for __main
    startup_stm32f407xx.o(.text) refers to startup_stm32f407xx.o(HEAP) for Heap_Mem
    startup_stm32f407xx.o(.text) refers to startup_stm32f407xx.o(STACK) for Stack_Mem
    ai_motor_onlyy.o(.text.imageFileInfo) refers to ai_motor_onlyy.o(.rodata.imageFileData) for imageFileData
    ai_motor_onlyy.o(.ARM.exidx.text.imageFileInfo) refers to ai_motor_onlyy.o(.text.imageFileInfo) for [Anonymous Symbol]
    my_dynamixel.o(.ARM.exidx.text.setServoResponse_RxFinished) refers to my_dynamixel.o(.text.setServoResponse_RxFinished) for [Anonymous Symbol]
    my_dynamixel.o(.text.servo_FactoryReset) refers to my_dynamixel.o(.rodata.updateCRC.crc_table) for updateCRC.crc_table
    my_dynamixel.o(.text.servo_FactoryReset) refers to my_dynamixel.o(.text.checkServoResponse) for checkServoResponse
    my_dynamixel.o(.text.servo_FactoryReset) refers to stm32f4xx_hal_gpio.o(.text.HAL_GPIO_WritePin) for HAL_GPIO_WritePin
    my_dynamixel.o(.text.servo_FactoryReset) refers to stm32f4xx_hal_uart.o(.text.HAL_UART_Transmit) for HAL_UART_Transmit
    my_dynamixel.o(.text.servo_FactoryReset) refers to my_dynamixel.o(.text.disable_all_IT) for disable_all_IT
    my_dynamixel.o(.text.servo_FactoryReset) refers to my_dynamixel.o(.text.enable_all_IT) for enable_all_IT
    my_dynamixel.o(.text.servo_FactoryReset) refers to stm32f4xx_hal_uart.o(.text.HAL_UART_DeInit) for HAL_UART_DeInit
    my_dynamixel.o(.text.servo_FactoryReset) refers to stm32f4xx_hal_uart.o(.text.HAL_UART_Init) for HAL_UART_Init
    my_dynamixel.o(.text.servo_FactoryReset) refers to stm32f4xx_hal_uart.o(.text.HAL_UART_Receive_IT) for HAL_UART_Receive_IT
    my_dynamixel.o(.text.servo_FactoryReset) refers to stm32f4xx_hal.o(.text.HAL_GetTick) for HAL_GetTick
    my_dynamixel.o(.ARM.exidx.text.servo_FactoryReset) refers to my_dynamixel.o(.text.servo_FactoryReset) for [Anonymous Symbol]
    my_dynamixel.o(.text.sendServoCommand) refers to rt_memcpy_v6.o(.text) for __aeabi_memcpy
    my_dynamixel.o(.text.sendServoCommand) refers to my_dynamixel.o(.rodata.updateCRC.crc_table) for updateCRC.crc_table
    my_dynamixel.o(.text.sendServoCommand) refers to stm32f4xx_hal_uart.o(.text.HAL_UART_Transmit) for HAL_UART_Transmit
    my_dynamixel.o(.text.sendServoCommand) refers to my_dynamixel.o(.text.disable_all_IT) for disable_all_IT
    my_dynamixel.o(.text.sendServoCommand) refers to my_dynamixel.o(.text.enable_all_IT) for enable_all_IT
    my_dynamixel.o(.ARM.exidx.text.sendServoCommand) refers to my_dynamixel.o(.text.sendServoCommand) for [Anonymous Symbol]
    my_dynamixel.o(.text.getServoResponse) refers to stm32f4xx_hal_uart.o(.text.HAL_UART_Receive_IT) for HAL_UART_Receive_IT
    my_dynamixel.o(.text.getServoResponse) refers to stm32f4xx_hal.o(.text.HAL_GetTick) for HAL_GetTick
    my_dynamixel.o(.ARM.exidx.text.getServoResponse) refers to my_dynamixel.o(.text.getServoResponse) for [Anonymous Symbol]
[...]
    [Anonymous Symbol]                       0x080037e4   Section        0  usbh_ctlreq.o(.text.USBH_Get_DevDesc)
    [Anonymous Symbol]                       0x080038a0   Section        0  usbh_ctlreq.o(.text.USBH_Get_StringDesc)
    [Anonymous Symbol]                       0x0800395c   Section        0  usbh_core.o(.text.USBH_Init)
    [Anonymous Symbol]                       0x080039d4   Section        0  usbh_conf.o(.text.USBH_LL_ClosePipe)
    [Anonymous Symbol]                       0x080039f8   Section        0  usbh_core.o(.text.USBH_LL_Connect)
    [Anonymous Symbol]                       0x08003a10   Section        0  usbh_core.o(.text.USBH_LL_Disconnect)
    [Anonymous Symbol]                       0x08003a40   Section        0  usbh_conf.o(.text.USBH_LL_DriverVBUS)
    [Anonymous Symbol]                       0x08003a5c   Section        0  usbh_conf.o(.text.USBH_LL_GetLastXferSize)
    [Anonymous Symbol]                       0x08003a64   Section        0  usbh_conf.o(.text.USBH_LL_GetSpeed)
    [Anonymous Symbol]                       0x08003a78   Section        0  usbh_conf.o(.text.USBH_LL_GetURBState)
    [Anonymous Symbol]                       0x08003a80   Section        0  usbh_core.o(.text.USBH_LL_IncTimer)
    [Anonymous Symbol]                       0x08003aa0   Section        0  usbh_conf.o(.text.USBH_LL_Init)
    [Anonymous Symbol]                       0x08003afc   Section        0  usbh_conf.o(.text.USBH_LL_OpenPipe)
    [Anonymous Symbol]                       0x08003b30   Section        0  usbh_core.o(.text.USBH_LL_PortDisabled)
    [Anonymous Symbol]                       0x08003b40   Section        0  usbh_core.o(.text.USBH_LL_PortEnabled)
    [Anonymous Symbol]                       0x08003b48   Section        0  usbh_conf.o(.text.USBH_LL_ResetPort)
    [Anonymous Symbol]                       0x08003b6c   Section        0  usbh_core.o(.text.USBH_LL_SetTimer)
    [Anonymous Symbol]                       0x08003b74   Section        0  usbh_conf.o(.text.USBH_LL_SetToggle)
    [Anonymous Symbol]                       0x08003b94   Section        0  usbh_conf.o(.text.USBH_LL_Start)
    [Anonymous Symbol]                       0x08003bb8   Section        0  usbh_conf.o(.text.USBH_LL_Stop)
    [Anonymous Symbol]                       0x08003bdc   Section        0  usbh_conf.o(.text.USBH_LL_SubmitURB)
    [Anonymous Symbol]                       0x08003c14   Section        0  usbh_pipes.o(.text.USBH_OpenPipe)
    [Anonymous Symbol]                       0x08003c30   Section        0  usbh_core.o(.text.USBH_Process)
    [Anonymous Symbol]                       0x080040dc   Section        0  usbh_core.o(.text.USBH_RegisterClass)
    [Anonymous Symbol]                       0x080040f8   Section        0  usbh_core.o(.text.USBH_SelectInterface)
    [Anonymous Symbol]                       0x0800410c   Section        0  usbh_ctlreq.o(.text.USBH_SetAddress)
    [Anonymous Symbol]                       0x08004128   Section        0  usbh_ctlreq.o(.text.USBH_SetCfg)
    [Anonymous Symbol]                       0x08004144   Section        0  usbh_ctlreq.o(.text.USBH_SetFeature)
    [Anonymous Symbol]                       0x08004160   Section        0  usbh_core.o(.text.USBH_Start)
    USBH_UserProcess                         0x08004175   Thumb Code    58  usb_host.o(.text.USBH_UserProcess)
    [Anonymous Symbol]                       0x08004174   Section        0  usb_host.o(.text.USBH_UserProcess)
    [Anonymous Symbol]                       0x080041b0   Section        0  stm32f4xx_ll_usb.o(.text.USB_CoreInit)
    [Anonymous Symbol]                       0x08004428   Section        0  stm32f4xx_ll_usb.o(.text.USB_DisableGlobalInt)
    [Anonymous Symbol]                       0x08004438   Section        0  stm32f4xx_ll_usb.o(.text.USB_DriveVbus)
    [Anonymous Symbol]                       0x08004484   Section        0  stm32f4xx_ll_usb.o(.text.USB_EnableGlobalInt)
    [Anonymous Symbol]                       0x08004494   Section        0  stm32f4xx_ll_usb.o(.text.USB_FlushRxFifo)
    [Anonymous Symbol]                       0x08004554   Section        0  stm32f4xx_ll_usb.o(.text.USB_FlushTxFifo)
    [Anonymous Symbol]                       0x08004614   Section        0  stm32f4xx_ll_usb.o(.text.USB_GetCurrentFrame)
    [Anonymous Symbol]                       0x0800461c   Section        0  stm32f4xx_ll_usb.o(.text.USB_GetHostSpeed)
    [Anonymous Symbol]                       0x08004634   Section        0  stm32f4xx_ll_usb.o(.text.USB_GetMode)
    [Anonymous Symbol]                       0x0800463c   Section        0  stm32f4xx_ll_usb.o(.text.USB_HC_Halt)
    [Anonymous Symbol]                       0x080047c0   Section        0  stm32f4xx_ll_usb.o(.text.USB_HC_Init)
    [Anonymous Symbol]                       0x080048e8   Section        0  stm32f4xx_ll_usb.o(.text.USB_HC_ReadInterrupt)
    [Anonymous Symbol]                       0x080048f0   Section        0  stm32f4xx_ll_usb.o(.text.USB_HC_StartXfer)
    [Anonymous Symbol]                       0x08004be8   Section        0  stm32f4xx_ll_usb.o(.text.USB_HostInit)
    [Anonymous Symbol]                       0x08004ec8   Section        0  stm32f4xx_ll_usb.o(.text.USB_InitFSLSPClkSel)
    [Anonymous Symbol]                       0x08004f08   Section        0  stm32f4xx_ll_usb.o(.text.USB_ReadChInterrupts)
    [Anonymous Symbol]                       0x08004f18   Section        0  stm32f4xx_ll_usb.o(.text.USB_ReadInterrupts)
    [Anonymous Symbol]                       0x08004f20   Section        0  stm32f4xx_ll_usb.o(.text.USB_ReadPacket)
    [Anonymous Symbol]                       0x08004fcc   Section        0  stm32f4xx_ll_usb.o(.text.USB_ResetPort)
    [Anonymous Symbol]                       0x0800500c   Section        0  stm32f4xx_ll_usb.o(.text.USB_SetCurrentMode)
    [Anonymous Symbol]                       0x08005374   Section        0  stm32f4xx_ll_usb.o(.text.USB_StopHost)
    [Anonymous Symbol]                       0x08005cac   Section        0  stm32f4xx_it.o(.text.UsageFault_Handler)
    [Anonymous Symbol]                       0x08005cb0   Section        0  my_dynamixel.o(.text.checkServoResponse)
    [Anonymous Symbol]                       0x08005e80   Section        0  my_dynamixel.o(.text.disable_all_IT)
    [Anonymous Symbol]                       0x08005e84   Section        0  my_dynamixel.o(.text.dualTransferServo)
    [Anonymous Symbol]                       0x08005f7c   Section        0  my_dynamixel.o(.text.enable_all_IT)
    [Anonymous Symbol]                       0x08005f80   Section        0  my_dynamixel.o(.text.getServo_BaudRate)
    [Anonymous Symbol]                       0x08005fd8   Section        0  my_dynamixel.o(.text.getServo_OperatingMode)
    [Anonymous Symbol]                       0x08006004   Section        0  my_dynamixel.o(.text.getServo_TorqueENA)
    [Anonymous Symbol]                       0x08006030   Section        0  main.o(.text.main)
    [Anonymous Symbol]                       0x08006104   Section        0  my_dynamixel.o(.text.sendServoCommand)
    [Anonymous Symbol]                       0x0800622c   Section        0  my_dynamixel.o(.text.setServoResponse_RxFinished)
    [Anonymous Symbol]                       0x08006234   Section        0  my_dynamixel.o(.text.setServo_GoalCurrent)
    [Anonymous Symbol]                       0x08006260   Section        0  my_dynamixel.o(.text.setServo_GoalPosition)
    [Anonymous Symbol]                       0x080062b8   Section        0  my_dynamixel.o(.text.setServo_OperatingMode)
    [Anonymous Symbol]                       0x080062dc   Section        0  my_dynamixel.o(.text.setServo_TorqueENA)
    $v0                                      0x08006304   Number         0  ddiv.o(x$fpl$ddiv)
    x$fpl$ddiv                               0x08006304   Section      696  ddiv.o(x$fpl$ddiv)
    ddiv_entry                               0x0800630b   Thumb Code     0  ddiv.o(x$fpl$ddiv)
    $v0                                      0x080065bc   Number         0  dfix.o(x$fpl$dfix)
    x$fpl$dfix                               0x080065bc   Section       94  dfix.o(x$fpl$dfix)
    $v0                                      0x0800661a   Number         0  dnaninf.o(x$fpl$dnaninf)
    x$fpl$dnaninf                            0x0800661a   Section      156  dnaninf.o(x$fpl$dnaninf)
    $v0                                      0x080066b6   Number         0  dretinf.o(x$fpl$dretinf)
    x$fpl$dretinf                            0x080066b6   Section       12  dretinf.o(x$fpl$dretinf)
    $v0                                      0x080066c4   Number         0  f2d.o(x$fpl$f2d)
    x$fpl$f2d                                0x080066c4   Section       86  f2d.o(x$fpl$f2d)
    $v0                                      0x0800671a   Number         0  fnaninf.o(x$fpl$fnaninf)
    x$fpl$fnaninf                            0x0800671a   Section      140  fnaninf.o(x$fpl$fnaninf)
    $v0                                      0x080067a6   Number         0  fpinit.o(x$fpl$fpinit)
    x$fpl$fpinit                             0x080067a6   Section       26  fpinit.o(x$fpl$fpinit)
    x$fpl$usenofp                            0x080067c0   Section        0  usenofp.o(x$fpl$usenofp)
    [Anonymous Symbol]                       0x080067d8   Section        0  usbh_cdc.o(.rodata.str1.1)
    updateCRC.crc_table                      0x080067dc   Data         512  my_dynamixel.o(.rodata.updateCRC.crc_table)
    [Anonymous Symbol]                       0x080067dc   Section        0  my_dynamixel.o(.rodata.updateCRC.crc_table)
    .L_MergedGlobals                         0x20000000   Data           8  stm32f4xx_hal.o(.data..L_MergedGlobals)
    [Anonymous Symbol]                       0x20000000   Section        0  stm32f4xx_hal.o(.data..L_MergedGlobals)
    .bss                                     0x20000030   Section       96  libspace.o(.bss)
    Heap_Mem                                 0x200008e8   Data         512  startup_stm32f407xx.o(HEAP)
    HEAP                                     0x200008e8   Section      512  startup_stm32f407xx.o(HEAP)
    Stack_Mem                                0x20000ae8   Data        1024  startup_stm32f407xx.o(STACK)
    STACK                                    0x20000ae8   Section     1024  startup_stm32f407xx.o(STACK)
    __initial_sp                             0x20000ee8   Data           0  startup_stm32f407xx.o(STACK)

    Global Symbols

    Symbol Name                              Value     Ov Type        Size  Object(Section)

    BuildAttributes$$THM_ISAv4$E$P$D$K$B$S$7EM$VFPi3$EXTD16$VFPS$VFMA$PE$A:L22UL41UL21$X:L11$S22US41US21$IEEE1$IW$~IW$USESV6$~STKCKD$USESV7$~SHL$OTIME$ROPI$EBA8$UX$STANDARDLIB$REQ8$PRES8$EABIv2 0x00000000   Number         0  anon$$obj.o ABSOLUTE
    __ARM_exceptions_init                     - Undefined Weak Reference
    __alloca_initialize                       - Undefined Weak Reference
    __arm_preinit_                            - Undefined Weak Reference
    __arm_relocate_pie_                       - Undefined Weak Reference
    __cpp_initialize__aeabi_                  - Undefined Weak Reference
    __cxa_finalize                            - Undefined Weak Reference
    __rt_locale                               - Undefined Weak Reference
    __sigvec_lookup                           - Undefined Weak Reference
    __user_heap_extent                        - Undefined Weak Reference
    _atexit_init                              - Undefined Weak Reference
    _call_atexit_fns                          - Undefined Weak Reference
    _clock_init                               - Undefined Weak Reference
    _fp_trap_init                             - Undefined Weak Reference
    _fp_trap_shutdown                         - Undefined Weak Reference
    _get_lc_collate                           - Undefined Weak Reference
    _get_lc_ctype                             - Undefined Weak Reference
    _get_lc_monetary                          - Undefined Weak Reference
    _get_lc_numeric                           - Undefined Weak Reference
    _get_lc_time                              - Undefined Weak Reference
    _getenv_init                              - Undefined Weak Reference
    _handle_redirection                       - Undefined Weak Reference
    _initio                                   - Undefined Weak Reference
    _mutex_acquire                            - Undefined Weak Reference
    _mutex_free                               - Undefined Weak Reference
    _mutex_release                            - Undefined Weak Reference
    _rand_init                                - Undefined Weak Reference
    _signal_finish                            - Undefined Weak Reference
    _signal_init                              - Undefined Weak Reference
    _terminateio                              - Undefined Weak Reference
    __Vectors_Size                           0x00000188   Number         0  startup_stm32f407xx.o ABSOLUTE
    __Vectors                                0x08000000   Data           4  startup_stm32f407xx.o(RESET)
    __Vectors_End                            0x08000188   Data           0  startup_stm32f407xx.o(RESET)
    __main                                   0x08000189   Thumb Code     8  __main.o(!!!main)
    __scatterload                            0x08000191   Thumb Code     0  __scatter.o(!!!scatter)
    __scatterload_rt2                        0x08000191   Thumb Code    84  __scatter.o(!!!scatter)
    __scatterload_rt2_thumb_only             0x08000191   Thumb Code     0  __scatter.o(!!!scatter)
    __scatterload_loop                       0x0800019b   Thumb Code     0  __scatter.o(!!!scatter)
    __scatterload_copy                       0x080001ed   Thumb Code    26  __scatter_copy.o(!!handler_copy)
    __scatterload_null                       0x08000209   Thumb Code     2  __scatter.o(!!handler_null)
    __scatterload_zeroinit                   0x0800020d   Thumb Code    28  __scatter_zi.o(!!handler_zi)
    __rt_lib_init                            0x08000229   Thumb Code     0  libinit.o(.ARM.Collect$$libinit$$00000000)
    __rt_lib_init_fp_1                       0x0800022b   Thumb Code     0  libinit2.o(.ARM.Collect$$libinit$$00000001)
    __rt_lib_init_heap_2                     0x0800022f   Thumb Code     0  libinit2.o(.ARM.Collect$$libinit$$00000007)
    __rt_lib_init_preinit_1                  0x0800022f   Thumb Code     0  libinit2.o(.ARM.Collect$$libinit$$00000006)
    __rt_lib_init_relocate_pie_1             0x0800022f   Thumb Code     0  libinit2.o(.ARM.Collect$$libinit$$00000004)
    __rt_lib_init_alloca_1                   0x08000237   Thumb Code     0  libinit2.o(.ARM.Collect$$libinit$$00000030)
    __rt_lib_init_argv_1                     0x08000237   Thumb Code     0  libinit2.o(.ARM.Collect$$libinit$$0000002E)
    __rt_lib_init_atexit_1                   0x08000237   Thumb Code     0  libinit2.o(.ARM.Collect$$libinit$$0000001D)
    __rt_lib_init_clock_1                    0x08000237   Thumb Code     0  libinit2.o(.ARM.Collect$$libinit$$00000023)
    __rt_lib_init_cpp_1                      0x08000237   Thumb Code     0  libinit2.o(.ARM.Collect$$libinit$$00000034)
    __rt_lib_init_exceptions_1               0x08000237   Thumb Code     0  libinit2.o(.ARM.Collect$$libinit$$00000032)
    __rt_lib_init_fp_trap_1                  0x08000237   Thumb Code     0  libinit2.o(.ARM.Collect$$libinit$$00000021)
    __rt_lib_init_getenv_1                   0x08000237   Thumb Code     0  libinit2.o(.ARM.Collect$$libinit$$00000025)
    __rt_lib_init_heap_1                     0x08000237   Thumb Code     0  libinit2.o(.ARM.Collect$$libinit$$0000000C)
    __rt_lib_init_lc_collate_1               0x08000237   Thumb Code     0  libinit2.o(.ARM.Collect$$libinit$$00000013)
    __rt_lib_init_lc_ctype_1                 0x08000237   Thumb Code     0  libinit2.o(.ARM.Collect$$libinit$$00000015)
    __rt_lib_init_lc_monetary_1              0x08000237   Thumb Code     0  libinit2.o(.ARM.Collect$$libinit$$00000017)
    __rt_lib_init_lc_numeric_1               0x08000237   Thumb Code     0  libinit2.o(.ARM.Collect$$libinit$$00000019)
    __rt_lib_init_lc_time_1                  0x08000237   Thumb Code     0  libinit2.o(.ARM.Collect$$libinit$$0000001B)
    __rt_lib_init_rand_1                     0x08000237   Thumb Code     0  libinit2.o(.ARM.Collect$$libinit$$00000010)
    __rt_lib_init_return                     0x08000237   Thumb Code     0  libinit2.o(.ARM.Collect$$libinit$$00000035)
    __rt_lib_init_signal_1                   0x08000237   Thumb Code     0  libinit2.o(.ARM.Collect$$libinit$$0000001F)
    __rt_lib_init_stdio_1                    0x08000237   Thumb Code     0  libinit2.o(.ARM.Collect$$libinit$$00000027)
    __rt_lib_init_user_alloc_1               0x08000237   Thumb Code     0  libinit2.o(.ARM.Collect$$libinit$$0000000E)
    __rt_lib_shutdown                        0x08000239   Thumb Code     0  libshutdown.o(.ARM.Collect$$libshutdown$$00000000)
    __rt_lib_shutdown_cpp_1                  0x0800023b   Thumb Code     0  libshutdown2.o(.ARM.Collect$$libshutdown$$00000002)
    __rt_lib_shutdown_fp_trap_1              0x0800023b   Thumb Code     0  libshutdown2.o(.ARM.Collect$$libshutdown$$00000007)
    __rt_lib_shutdown_heap_1                 0x0800023b   Thumb Code     0  libshutdown2.o(.ARM.Collect$$libshutdown$$0000000F)
    __rt_lib_shutdown_return                 0x0800023b   Thumb Code     0  libshutdown2.o(.ARM.Collect$$libshutdown$$00000010)
    __rt_lib_shutdown_signal_1               0x0800023b   Thumb Code     0  libshutdown2.o(.ARM.Collect$$libshutdown$$0000000A)
    __rt_lib_shutdown_stdio_1                0x0800023b   Thumb Code     0  libshutdown2.o(.ARM.Collect$$libshutdown$$00000004)
    __rt_lib_shutdown_user_alloc_1           0x0800023b   Thumb Code     0  libshutdown2.o(.ARM.Collect$$libshutdown$$0000000C)
    __rt_entry                               0x0800023d   Thumb Code     0  __rtentry.o(.ARM.Collect$$rtentry$$00000000)
    __rt_entry_presh_1                       0x0800023d   Thumb Code     0  __rtentry2.o(.ARM.Collect$$rtentry$$00000002)
    __rt_entry_sh                            0x0800023d   Thumb Code     0  __rtentry4.o(.ARM.Collect$$rtentry$$00000004)
    __rt_entry_li                            0x08000243   Thumb Code     0  __rtentry2.o(.ARM.Collect$$rtentry$$0000000A)
    __rt_entry_postsh_1                      0x08000243   Thumb Code     0  __rtentry2.o(.ARM.Collect$$rtentry$$00000009)
    __rt_entry_main                          0x08000247   Thumb Code     0  __rtentry2.o(.ARM.Collect$$rtentry$$0000000D)
    __rt_entry_postli_1                      0x08000247   Thumb Code     0  __rtentry2.o(.ARM.Collect$$rtentry$$0000000C)
    __rt_exit                                0x0800024f   Thumb Code     0  rtexit.o(.ARM.Collect$$rtexit$$00000000)
    __rt_exit_ls                             0x08000251   Thumb Code     0  rtexit2.o(.ARM.Collect$$rtexit$$00000003)
    __rt_exit_prels_1                        0x08000251   Thumb Code     0  rtexit2.o(.ARM.Collect$$rtexit$$00000002)
    __rt_exit_exit                           0x08000255   Thumb Code     0  rtexit2.o(.ARM.Collect$$rtexit$$00000004)
    Reset_Handler                            0x0800025d   Thumb Code     8  startup_stm32f407xx.o(.text)
    ADC_IRQHandler                           0x08000277   Thumb Code     0  startup_stm32f407xx.o(.text)
    CAN1_RX0_IRQHandler                      0x08000277   Thumb Code     0  startup_stm32f407xx.o(.text)
    CAN1_RX1_IRQHandler                      0x08000277   Thumb Code     0  startup_stm32f407xx.o(.text)
    CAN1_SCE_IRQHandler                      0x08000277   Thumb Code     0  startup_stm32f407xx.o(.text)
    CAN1_TX_IRQHandler                       0x08000277   Thumb Code     0  startup_stm32f407xx.o(.text)
    CAN2_RX0_IRQHandler                      0x08000277   Thumb Code     0  startup_stm32f407xx.o(.text)
    CAN2_RX1_IRQHandler                      0x08000277   Thumb Code     0  startup_stm32f407xx.o(.text)
    CAN2_SCE_IRQHandler                      0x08000277   Thumb Code     0  startup_stm32f407xx.o(.text)
    CAN2_TX_IRQHandler                       0x08000277   Thumb Code     0  startup_stm32f407xx.o(.text)
    DCMI_IRQHandler                          0x08000277   Thumb Code     0  startup_stm32f407xx.o(.text)
    DMA1_Stream0_IRQHandler                  0x08000277   Thumb Code     0  startup_stm32f407xx.o(.text)
    DMA1_Stream1_IRQHandler                  0x08000277   Thumb Code     0  startup_stm32f407xx.o(.text)
    DMA1_Stream2_IRQHandler                  0x08000277   Thumb Code     0  startup_stm32f407xx.o(.text)
    DMA1_Stream3_IRQHandler                  0x08000277   Thumb Code     0  startup_stm32f407xx.o(.text)
    DMA1_Stream4_IRQHandler                  0x08000277   Thumb Code     0  startup_stm32f407xx.o(.text)
    DMA1_Stream5_IRQHandler                  0x08000277   Thumb Code     0  startup_stm32f407xx.o(.text)
    DMA1_Stream6_IRQHandler                  0x08000277   Thumb Code     0  startup_stm32f407xx.o(.text)
    DMA1_Stream7_IRQHandler                  0x08000277   Thumb Code     0  startup_stm32f407xx.o(.text)
    DMA2_Stream0_IRQHandler                  0x08000277   Thumb Code     0  startup_stm32f407xx.o(.text)
    DMA2_Stream1_IRQHandler                  0x08000277   Thumb Code     0  startup_stm32f407xx.o(.text)
    DMA2_Stream2_IRQHandler                  0x08000277   Thumb Code     0  startup_stm32f407xx.o(.text)
    DMA2_Stream3_IRQHandler                  0x08000277   Thumb Code     0  startup_stm32f407xx.o(.text)
    DMA2_Stream4_IRQHandler                  0x08000277   Thumb Code     0  startup_stm32f407xx.o(.text)
    DMA2_Stream5_IRQHandler                  0x08000277   Thumb Code     0  startup_stm32f407xx.o(.text)
    DMA2_Stream6_IRQHandler                  0x08000277   Thumb Code     0  startup_stm32f407xx.o(.text)
    DMA2_Stream7_IRQHandler                  0x08000277   Thumb Code     0  startup_stm32f407xx.o(.text)
    ETH_IRQHandler                           0x08000277   Thumb Code     0  startup_stm32f407xx.o(.text)
    ETH_WKUP_IRQHandler                      0x08000277   Thumb Code     0  startup_stm32f407xx.o(.text)
    EXTI0_IRQHandler                         0x08000277   Thumb Code     0  startup_stm32f407xx.o(.text)
    EXTI15_10_IRQHandler                     0x08000277   Thumb Code     0  startup_stm32f407xx.o(.text)
    EXTI1_IRQHandler                         0x08000277   Thumb Code     0  startup_stm32f407xx.o(.text)
    EXTI2_IRQHandler                         0x08000277   Thumb Code     0  startup_stm32f407xx.o(.text)
    EXTI3_IRQHandler                         0x08000277   Thumb Code     0  startup_stm32f407xx.o(.text)
    EXTI4_IRQHandler                         0x08000277   Thumb Code     0  startup_stm32f407xx.o(.text)
    EXTI9_5_IRQHandler                       0x08000277   Thumb Code     0  startup_stm32f407xx.o(.text)
    FLASH_IRQHandler                         0x08000277   Thumb Code     0  startup_stm32f407xx.o(.text)
    FMC_IRQHandler                           0x08000277   Thumb Code     0  startup_stm32f407xx.o(.text)
    FPU_IRQHandler                           0x08000277   Thumb Code     0  startup_stm32f407xx.o(.text)
    HASH_RNG_IRQHandler                      0x08000277   Thumb Code     0  startup_stm32f407xx.o(.text)
    I2C1_ER_IRQHandler                       0x08000277   Thumb Code     0  startup_stm32f407xx.o(.text)
    I2C1_EV_IRQHandler                       0x08000277   Thumb Code     0  startup_stm32f407xx.o(.text)
    I2C2_ER_IRQHandler                       0x08000277   Thumb Code     0  startup_stm32f407xx.o(.text)
    I2C2_EV_IRQHandler                       0x08000277   Thumb Code     0  startup_stm32f407xx.o(.text)
    I2C3_ER_IRQHandler                       0x08000277   Thumb Code     0  startup_stm32f407xx.o(.text)
    I2C3_EV_IRQHandler                       0x08000277   Thumb Code     0  startup_stm32f407xx.o(.text)
    OTG_FS_WKUP_IRQHandler                   0x08000277   Thumb Code     0  startup_stm32f407xx.o(.text)
    OTG_HS_EP1_IN_IRQHandler                 0x08000277   Thumb Code     0  startup_stm32f407xx.o(.text)
    OTG_HS_EP1_OUT_IRQHandler                0x08000277   Thumb Code     0  startup_stm32f407xx.o(.text)
    OTG_HS_IRQHandler                        0x08000277   Thumb Code     0  startup_stm32f407xx.o(.text)
    OTG_HS_WKUP_IRQHandler                   0x08000277   Thumb Code     0  startup_stm32f407xx.o(.text)
    PVD_IRQHandler                           0x08000277   Thumb Code     0  startup_stm32f407xx.o(.text)
    RCC_IRQHandler                           0x08000277   Thumb Code     0  startup_stm32f407xx.o(.text)
    RTC_Alarm_IRQHandler                     0x08000277   Thumb Code     0  startup_stm32f407xx.o(.text)
    RTC_WKUP_IRQHandler                      0x08000277   Thumb Code     0  startup_stm32f407xx.o(.text)
    SDIO_IRQHandler                          0x08000277   Thumb Code     0  startup_stm32f407xx.o(.text)
    SPI1_IRQHandler                          0x08000277   Thumb Code     0  startup_stm32f407xx.o(.text)
    SPI2_IRQHandler                          0x08000277   Thumb Code     0  startup_stm32f407xx.o(.text)
    SPI3_IRQHandler                          0x08000277   Thumb Code     0  startup_stm32f407xx.o(.text)
    TAMP_STAMP_IRQHandler                    0x08000277   Thumb Code     0  startup_stm32f407xx.o(.text)
    TIM1_BRK_TIM9_IRQHandler                 0x08000277   Thumb Code     0  startup_stm32f407xx.o(.text)
    TIM1_CC_IRQHandler                       0x08000277   Thumb Code     0  startup_stm32f407xx.o(.text)
    TIM1_TRG_COM_TIM11_IRQHandler            0x08000277   Thumb Code     0  startup_stm32f407xx.o(.text)
    TIM1_UP_TIM10_IRQHandler                 0x08000277   Thumb Code     0  startup_stm32f407xx.o(.text)
    TIM2_IRQHandler                          0x08000277   Thumb Code     0  startup_stm32f407xx.o(.text)
    TIM3_IRQHandler                          0x08000277   Thumb Code     0  startup_stm32f407xx.o(.text)
    TIM4_IRQHandler                          0x08000277   Thumb Code     0  startup_stm32f407xx.o(.text)
    TIM5_IRQHandler                          0x08000277   Thumb Code     0  startup_stm32f407xx.o(.text)
    TIM6_DAC_IRQHandler                      0x08000277   Thumb Code     0  startup_stm32f407xx.o(.text)
    TIM7_IRQHandler                          0x08000277   Thumb Code     0  startup_stm32f407xx.o(.text)
    TIM8_BRK_TIM12_IRQHandler                0x08000277   Thumb Code     0  startup_stm32f407xx.o(.text)
    TIM8_CC_IRQHandler                       0x08000277   Thumb Code     0  startup_stm32f407xx.o(.text)
    TIM8_TRG_COM_TIM14_IRQHandler            0x08000277   Thumb Code     0  startup_stm32f407xx.o(.text)
    TIM8_UP_TIM13_IRQHandler                 0x08000277   Thumb Code     0  startup_stm32f407xx.o(.text)
    UART4_IRQHandler                         0x08000277   Thumb Code     0  startup_stm32f407xx.o(.text)
    UART5_IRQHandler                         0x08000277   Thumb Code     0  startup_stm32f407xx.o(.text)
    USART1_IRQHandler                        0x08000277   Thumb Code     0  startup_stm32f407xx.o(.text)
    USART3_IRQHandler                        0x08000277   Thumb Code     0  startup_stm32f407xx.o(.text)
    USART6_IRQHandler                        0x08000277   Thumb Code     0  startup_stm32f407xx.o(.text)
    WWDG_IRQHandler                          0x08000277   Thumb Code     0  startup_stm32f407xx.o(.text)
    __user_initial_stackheap                 0x08000279   Thumb Code     0  startup_stm32f407xx.o(.text)
    calloc                                   0x0800029d   Thumb Code    42  calloc.o(.text)
    free                                     0x080002c7   Thumb Code    78  h1_free.o(.text)
    __aeabi_uldivmod                         0x08000315   Thumb Code     0  lludivv7m.o(.text)
    _ll_udiv                                 0x08000315   Thumb Code   240  lludivv7m.o(.text)
    __aeabi_memcpy                           0x08000405   Thumb Code     0  rt_memcpy_v6.o(.text)
    __rt_memcpy                              0x08000405   Thumb Code   138  rt_memcpy_v6.o(.text)
    _memcpy_lastbytes                        0x0800046b   Thumb Code     0  rt_memcpy_v6.o(.text)
    __aeabi_memclr                           0x0800048f   Thumb Code     0  rt_memclr.o(.text)
    __rt_memclr                              0x0800048f   Thumb Code     0  rt_memclr.o(.text)
    _memset                                  0x08000493   Thumb Code    64  rt_memclr.o(.text)
    __aeabi_memclr4                          0x080004d3   Thumb Code     0  rt_memclr_w.o(.text)
    __aeabi_memclr8                          0x080004d3   Thumb Code     0  rt_memclr_w.o(.text)
    __rt_memclr_w                            0x080004d3   Thumb Code     0  rt_memclr_w.o(.text)
    _memset_w                                0x080004d7   Thumb Code    74  rt_memclr_w.o(.text)
    __use_two_region_memory                  0x08000521   Thumb Code     2  heapauxi.o(.text)
    __rt_heap_escrow                         0x08000523   Thumb Code     2  heapauxi.o(.text)
    __rt_heap_expand                         0x08000525   Thumb Code     2  heapauxi.o(.text)
    __rt_heap_descriptor                     0x08000529   Thumb Code     8  rt_heap_descriptor_intlibspace.o(.text)
    __use_no_heap                            0x08000531   Thumb Code     2  hguard.o(.text)
    __heap$guard                             0x08000533   Thumb Code     2  hguard.o(.text)
    _terminate_user_alloc                    0x08000535   Thumb Code     2  init_alloc.o(.text)
    _init_user_alloc                         0x08000537   Thumb Code     2  init_alloc.o(.text)
    __Heap_Full                              0x08000539   Thumb Code    34  init_alloc.o(.text)
    __Heap_Broken                            0x0800055b   Thumb Code     6  init_alloc.o(.text)
    _init_alloc                              0x08000561   Thumb Code    94  init_alloc.o(.text)
    malloc                                   0x080005bf   Thumb Code    94  h1_alloc.o(.text)
    __aeabi_memcpy4                          0x0800061d   Thumb Code     0  rt_memcpy_w.o(.text)
    __aeabi_memcpy8                          0x0800061d   Thumb Code     0  rt_memcpy_w.o(.text)
    __rt_memcpy_w                            0x0800061d   Thumb Code   100  rt_memcpy_w.o(.text)
    _memcpy_lastbytes_aligned                0x08000665   Thumb Code     0  rt_memcpy_w.o(.text)
    __user_libspace                          0x08000681   Thumb Code     8  libspace.o(.text)
    __user_perproc_libspace                  0x08000681   Thumb Code     0  libspace.o(.text)
    __user_perthread_libspace                0x08000681   Thumb Code     0  libspace.o(.text)
    __Heap_Initialize                        0x08000689   Thumb Code     8  h1_init.o(.text)
    _maybe_terminate_alloc                   0x08000689   Thumb Code     0  maybetermalloc1.o(.text)
    __Heap_DescSize                          0x08000691   Thumb Code     4  h1_init.o(.text)
    __Heap_ProvideMemory                     0x08000695   Thumb Code    52  h1_extend.o(.text)
    __rt_SIGRTMEM                            0x080006c9   Thumb Code    14  defsig_rtmem_outer.o(.text)
    __user_setup_stackheap                   0x080006d7   Thumb Code    74  sys_stackheap_outer.o(.text)
    exit                                     0x08000721   Thumb Code    18  exit.o(.text)
    __sig_exit                               0x08000733   Thumb Code    10  defsig_exit.o(.text)
    __rt_SIGRTMEM_inner                      0x0800073d   Thumb Code    22  defsig_rtmem_inner.o(.text)
    _sys_exit                                0x0800078d   Thumb Code     8  sys_exit.o(.text)
    __I$use$semihosting                      0x08000799   Thumb Code     0  use_no_semi.o(.text)
    __use_no_semihosting_swi                 0x08000799   Thumb Code     2  use_no_semi.o(.text)
    __default_signal_display                 0x0800079b   Thumb Code    50  defsig_general.o(.text)
    __semihosting_library_function           0x0800079b   Thumb Code     0  indicate_semi.o(.text)
    _ttywrch                                 0x080007cd   Thumb Code    14  sys_wrch.o(.text)
    BusFault_Handler                         0x080007dd   Thumb Code     2  stm32f4xx_it.o(.text.BusFault_Handler)
    DebugMon_Handler                         0x080007e1   Thumb Code     2  stm32f4xx_it.o(.text.DebugMon_Handler)
    Error_Handler                            0x080007e5   Thumb Code     6  main.o(.text.Error_Handler)
    HAL_DMA_Abort                            0x080007ed   Thumb Code   142  stm32f4xx_hal_dma.o(.text.HAL_DMA_Abort)
    HAL_DMA_Abort_IT                         0x0800087d   Thumb Code    36  stm32f4xx_hal_dma.o(.text.HAL_DMA_Abort_IT)
    HAL_Delay                                0x080008a1   Thumb Code    40  stm32f4xx_hal.o(.text.HAL_Delay)
    HAL_GPIO_Init                            0x080008c9   Thumb Code   414  stm32f4xx_hal_gpio.o(.text.HAL_GPIO_Init)
    HAL_GPIO_ReadPin                         0x08000a69   Thumb Code    10  stm32f4xx_hal_gpio.o(.text.HAL_GPIO_ReadPin)
    HAL_GPIO_WritePin                        0x08000a75   Thumb Code    10  stm32f4xx_hal_gpio.o(.text.HAL_GPIO_WritePin)
    HAL_GetTick                              0x08000a81   Thumb Code    12  stm32f4xx_hal.o(.text.HAL_GetTick)
    HAL_HCD_Connect_Callback                 0x08000a8d   Thumb Code     8  usbh_conf.o(.text.HAL_HCD_Connect_Callback)
    HAL_HCD_Disconnect_Callback              0x08000a95   Thumb Code     8  usbh_conf.o(.text.HAL_HCD_Disconnect_Callback)
    HAL_HCD_GetCurrentFrame                  0x08000a9d   Thumb Code     6  stm32f4xx_hal_hcd.o(.text.HAL_HCD_GetCurrentFrame)
    HAL_HCD_GetCurrentSpeed                  0x08000aa5   Thumb Code     6  stm32f4xx_hal_hcd.o(.text.HAL_HCD_GetCurrentSpeed)
    HAL_HCD_HC_GetURBState                   0x08000aad   Thumb Code    14  stm32f4xx_hal_hcd.o(.text.HAL_HCD_HC_GetURBState)
    HAL_HCD_HC_GetXferCount                  0x08000abd   Thumb Code    12  stm32f4xx_hal_hcd.o(.text.HAL_HCD_HC_GetXferCount)
    HAL_HCD_HC_Halt                          0x08000ac9   Thumb Code    38  stm32f4xx_hal_hcd.o(.text.HAL_HCD_HC_Halt)
    HAL_HCD_HC_Init                          0x08000af1   Thumb Code   166  stm32f4xx_hal_hcd.o(.text.HAL_HCD_HC_Init)
    HAL_HCD_HC_NotifyURBChange_Callback      0x08000b99   Thumb Code     2  usbh_conf.o(.text.HAL_HCD_HC_NotifyURBChange_Callback)
    HAL_HCD_HC_SubmitRequest                 0x08000b9d   Thumb Code   162  stm32f4xx_hal_hcd.o(.text.HAL_HCD_HC_SubmitRequest)
    HAL_HCD_IRQHandler                       0x08000c41   Thumb Code  2384  stm32f4xx_hal_hcd.o(.text.HAL_HCD_IRQHandler)
    HAL_HCD_Init                             0x08001591   Thumb Code   138  stm32f4xx_hal_hcd.o(.text.HAL_HCD_Init)
    HAL_HCD_MspInit                          0x0800161d   Thumb Code   156  usbh_conf.o(.text.HAL_HCD_MspInit)
    HAL_HCD_PortDisabled_Callback            0x080016b9   Thumb Code     8  usbh_conf.o(.text.HAL_HCD_PortDisabled_Callback)
    HAL_HCD_PortEnabled_Callback             0x080016c1   Thumb Code     8  usbh_conf.o(.text.HAL_HCD_PortEnabled_Callback)
    HAL_HCD_ResetPort                        0x080016c9   Thumb Code     6  stm32f4xx_hal_hcd.o(.text.HAL_HCD_ResetPort)
    HAL_HCD_SOF_Callback                     0x080016d1   Thumb Code     8  usbh_conf.o(.text.HAL_HCD_SOF_Callback)
    HAL_HCD_Start                            0x080016d9   Thumb Code    46  stm32f4xx_hal_hcd.o(.text.HAL_HCD_Start)
    HAL_HCD_Stop                             0x08001709   Thumb Code    38  stm32f4xx_hal_hcd.o(.text.HAL_HCD_Stop)
    HAL_IncTick                              0x08001731   Thumb Code    26  stm32f4xx_hal.o(.text.HAL_IncTick)
    HAL_Init                                 0x0800174d   Thumb Code    54  stm32f4xx_hal.o(.text.HAL_Init)
    HAL_InitTick                             0x08001785   Thumb Code    72  stm32f4xx_hal.o(.text.HAL_InitTick)
    HAL_MspInit                              0x080017cd   Thumb Code    60  stm32f4xx_hal_msp.o(.text.HAL_MspInit)
    HAL_NVIC_EnableIRQ                       0x08001809   Thumb Code    34  stm32f4xx_hal_cortex.o(.text.HAL_NVIC_EnableIRQ)
    HAL_NVIC_SetPriority                     0x0800182d   Thumb Code    86  stm32f4xx_hal_cortex.o(.text.HAL_NVIC_SetPriority)
    HAL_NVIC_SetPriorityGrouping             0x08001885   Thumb Code    32  stm32f4xx_hal_cortex.o(.text.HAL_NVIC_SetPriorityGrouping)
    HAL_RCC_ClockConfig                      0x080018a5   Thumb Code   356  stm32f4xx_hal_rcc.o(.text.HAL_RCC_ClockConfig)
    HAL_RCC_GetPCLK1Freq                     0x08001a09   Thumb Code    38  stm32f4xx_hal_rcc.o(.text.HAL_RCC_GetPCLK1Freq)
    HAL_RCC_GetPCLK2Freq                     0x08001a31   Thumb Code    38  stm32f4xx_hal_rcc.o(.text.HAL_RCC_GetPCLK2Freq)
    HAL_RCC_GetSysClockFreq                  0x08001a59   Thumb Code   112  stm32f4xx_hal_rcc.o(.text.HAL_RCC_GetSysClockFreq)
    HAL_RCC_OscConfig                        0x08001ac9   Thumb Code   940  stm32f4xx_hal_rcc.o(.text.HAL_RCC_OscConfig)
    HAL_SYSTICK_Config                       0x08001e75   Thumb Code    44  stm32f4xx_hal_cortex.o(.text.HAL_SYSTICK_Config)
    HAL_UARTEx_RxEventCallback               0x08001ea1   Thumb Code     2  stm32f4xx_hal_uart.o(.text.HAL_UARTEx_RxEventCallback)
    HAL_UART_ErrorCallback                   0x08001ea5   Thumb Code     2  stm32f4xx_hal_uart.o(.text.HAL_UART_ErrorCallback)
    HAL_UART_IRQHandler                      0x08001ea9   Thumb Code  1428  stm32f4xx_hal_uart.o(.text.HAL_UART_IRQHandler)
    HAL_UART_Init                            0x0800243d   Thumb Code    96  stm32f4xx_hal_uart.o(.text.HAL_UART_Init)
    HAL_UART_MspInit                         0x0800249d   Thumb Code   132  usart.o(.text.HAL_UART_MspInit)
    HAL_UART_Receive_IT                      0x08002521   Thumb Code    84  stm32f4xx_hal_uart.o(.text.HAL_UART_Receive_IT)
    HAL_UART_RxCpltCallback                  0x08002575   Thumb Code    30  main.o(.text.HAL_UART_RxCpltCallback)
    HAL_UART_Transmit                        0x08002595   Thumb Code   402  stm32f4xx_hal_uart.o(.text.HAL_UART_Transmit)
    HAL_UART_TxCpltCallback                  0x08002729   Thumb Code     2  stm32f4xx_hal_uart.o(.text.HAL_UART_TxCpltCallback)
    HardFault_Handler                        0x0800272d   Thumb Code     2  stm32f4xx_it.o(.text.HardFault_Handler)
    MX_DriverVbusFS                          0x08002731   Thumb Code    24  usbh_platform.o(.text.MX_DriverVbusFS)
    MX_GPIO_Init                             0x08002749   Thumb Code   502  gpio.o(.text.MX_GPIO_Init)
    MX_USART2_UART_Init                      0x08002941   Thumb Code    60  usart.o(.text.MX_USART2_UART_Init)
    MX_USB_HOST_Init                         0x0800297d   Thumb Code    86  usb_host.o(.text.MX_USB_HOST_Init)
    MX_USB_HOST_Process                      0x080029d5   Thumb Code    12  usb_host.o(.text.MX_USB_HOST_Process)
    MemManage_Handler                        0x080029e1   Thumb Code     2  stm32f4xx_it.o(.text.MemManage_Handler)
    NMI_Handler                              0x080029e5   Thumb Code     2  stm32f4xx_it.o(.text.NMI_Handler)
    OTG_FS_IRQHandler                        0x080029e9   Thumb Code    12  stm32f4xx_it.o(.text.OTG_FS_IRQHandler)
    PendSV_Handler                           0x080029f5   Thumb Code     2  stm32f4xx_it.o(.text.PendSV_Handler)
    SVC_Handler                              0x080029f9   Thumb Code     2  stm32f4xx_it.o(.text.SVC_Handler)
    SysTick_Handler                          0x080029fd   Thumb Code     4  stm32f4xx_it.o(.text.SysTick_Handler)
    SystemClock_Config                       0x08002a01   Thumb Code   172  main.o(.text.SystemClock_Config)
    SystemInit                               0x08002aad   Thumb Code    18  system_stm32f4xx.o(.text.SystemInit)
    USART2_IRQHandler                        0x08002cb5   Thumb Code    12  stm32f4xx_it.o(.text.USART2_IRQHandler)
    USBH_AllocPipe                           0x08002cc1   Thumb Code   210  usbh_pipes.o(.text.USBH_AllocPipe)
    USBH_BulkReceiveData                     0x08002d95   Thumb Code    38  usbh_ioreq.o(.text.USBH_BulkReceiveData)
    USBH_BulkSendData                        0x08002dbd   Thumb Code    50  usbh_ioreq.o(.text.USBH_BulkSendData)
    USBH_CDC_LineCodingChanged               0x08002fe9   Thumb Code     2  usbh_cdc.o(.text.USBH_CDC_LineCodingChanged)
    USBH_CDC_ReceiveCallback                 0x080031a9   Thumb Code     2  usbh_cdc.o(.text.USBH_CDC_ReceiveCallback)
    USBH_CDC_TransmitCallback                0x080031b1   Thumb Code     2  usbh_cdc.o(.text.USBH_CDC_TransmitCallback)
    USBH_ClosePipe                           0x080031b5   Thumb Code    10  usbh_pipes.o(.text.USBH_ClosePipe)
    USBH_ClrFeature                          0x080031c1   Thumb Code    26  usbh_ctlreq.o(.text.USBH_ClrFeature)
    USBH_CtlReceiveData                      0x080031dd   Thumb Code    38  usbh_ioreq.o(.text.USBH_CtlReceiveData)
    USBH_CtlReq                              0x08003205   Thumb Code   482  usbh_ctlreq.o(.text.USBH_CtlReq)
    USBH_CtlSendData                         0x080033e9   Thumb Code    50  usbh_ioreq.o(.text.USBH_CtlSendData)
    USBH_CtlSendSetup                        0x0800341d   Thumb Code    36  usbh_ioreq.o(.text.USBH_CtlSendSetup)
    USBH_Delay                               0x08003441   Thumb Code     4  usbh_conf.o(.text.USBH_Delay)
    USBH_FindInterface                       0x08003445   Thumb Code   250  usbh_core.o(.text.USBH_FindInterface)
    USBH_FreePipe                            0x08003541   Thumb Code    24  usbh_pipes.o(.text.USBH_FreePipe)
    USBH_Get_CfgDesc                         0x08003559   Thumb Code   652  usbh_ctlreq.o(.text.USBH_Get_CfgDesc)
    USBH_Get_DevDesc                         0x080037e5   Thumb Code   186  usbh_ctlreq.o(.text.USBH_Get_DevDesc)
    USBH_Get_StringDesc                      0x080038a1   Thumb Code   188  usbh_ctlreq.o(.text.USBH_Get_StringDesc)
    USBH_Init                                0x0800395d   Thumb Code   118  usbh_core.o(.text.USBH_Init)
    USBH_LL_ClosePipe                        0x080039d5   Thumb Code    34  usbh_conf.o(.text.USBH_LL_ClosePipe)
    USBH_LL_Connect                          0x080039f9   Thumb Code    22  usbh_core.o(.text.USBH_LL_Connect)
    USBH_LL_Disconnect                       0x08003a11   Thumb Code    46  usbh_core.o(.text.USBH_LL_Disconnect)
    USBH_LL_DriverVBUS                       0x08003a41   Thumb Code    26  usbh_conf.o(.text.USBH_LL_DriverVBUS)
    USBH_LL_GetLastXferSize                  0x08003a5d   Thumb Code     8  usbh_conf.o(.text.USBH_LL_GetLastXferSize)
    USBH_LL_GetSpeed                         0x08003a65   Thumb Code    20  usbh_conf.o(.text.USBH_LL_GetSpeed)
    USBH_LL_GetURBState                      0x08003a79   Thumb Code     8  usbh_conf.o(.text.USBH_LL_GetURBState)
    USBH_LL_IncTimer                         0x08003a81   Thumb Code    30  usbh_core.o(.text.USBH_LL_IncTimer)
    USBH_LL_Init                             0x08003aa1   Thumb Code    92  usbh_conf.o(.text.USBH_LL_Init)
    USBH_LL_OpenPipe                         0x08003afd   Thumb Code    50  usbh_conf.o(.text.USBH_LL_OpenPipe)
    USBH_LL_PortDisabled                     0x08003b31   Thumb Code    14  usbh_core.o(.text.USBH_LL_PortDisabled)
    USBH_LL_PortEnabled                      0x08003b41   Thumb Code     8  usbh_core.o(.text.USBH_LL_PortEnabled)
    USBH_LL_ResetPort                        0x08003b49   Thumb Code    34  usbh_conf.o(.text.USBH_LL_ResetPort)
    USBH_LL_SetTimer                         0x08003b6d   Thumb Code     6  usbh_core.o(.text.USBH_LL_SetTimer)
    USBH_LL_SetToggle                        0x08003b75   Thumb Code    32  usbh_conf.o(.text.USBH_LL_SetToggle)
    USBH_LL_Start                            0x08003b95   Thumb Code    34  usbh_conf.o(.text.USBH_LL_Start)
    USBH_LL_Stop                             0x08003bb9   Thumb Code    34  usbh_conf.o(.text.USBH_LL_Stop)
    USBH_LL_SubmitURB                        0x08003bdd   Thumb Code    54  usbh_conf.o(.text.USBH_LL_SubmitURB)
    USBH_OpenPipe                            0x08003c15   Thumb Code    26  usbh_pipes.o(.text.USBH_OpenPipe)
    USBH_Process                             0x08003c31   Thumb Code  1196  usbh_core.o(.text.USBH_Process)
    USBH_RegisterClass                       0x080040dd   Thumb Code    26  usbh_core.o(.text.USBH_RegisterClass)
    USBH_SelectInterface                     0x080040f9   Thumb Code    18  usbh_core.o(.text.USBH_SelectInterface)
    USBH_SetAddress                          0x0800410d   Thumb Code    26  usbh_ctlreq.o(.text.USBH_SetAddress)
    USBH_SetCfg                              0x08004129   Thumb Code    26  usbh_ctlreq.o(.text.USBH_SetCfg)
    USBH_SetFeature                          0x08004145   Thumb Code    26  usbh_ctlreq.o(.text.USBH_SetFeature)
    USBH_Start                               0x08004161   Thumb Code    20  usbh_core.o(.text.USBH_Start)
    USB_CoreInit                             0x080041b1   Thumb Code   630  stm32f4xx_ll_usb.o(.text.USB_CoreInit)
    USB_DisableGlobalInt                     0x08004429   Thumb Code    14  stm32f4xx_ll_usb.o(.text.USB_DisableGlobalInt)
    USB_DriveVbus                            0x08004439   Thumb Code    76  stm32f4xx_ll_usb.o(.text.USB_DriveVbus)
    USB_EnableGlobalInt                      0x08004485   Thumb Code    14  stm32f4xx_ll_usb.o(.text.USB_EnableGlobalInt)
    USB_FlushRxFifo                          0x08004495   Thumb Code   190  stm32f4xx_ll_usb.o(.text.USB_FlushRxFifo)
    USB_FlushTxFifo                          0x08004555   Thumb Code   190  stm32f4xx_ll_usb.o(.text.USB_FlushTxFifo)
    USB_GetCurrentFrame                      0x08004615   Thumb Code     8  stm32f4xx_ll_usb.o(.text.USB_GetCurrentFrame)
    USB_GetHostSpeed                         0x0800461d   Thumb Code    22  stm32f4xx_ll_usb.o(.text.USB_GetHostSpeed)
    USB_GetMode                              0x08004635   Thumb Code     8  stm32f4xx_ll_usb.o(.text.USB_GetMode)
    USB_HC_Halt                              0x0800463d   Thumb Code   386  stm32f4xx_ll_usb.o(.text.USB_HC_Halt)
    USB_HC_Init                              0x080047c1   Thumb Code   294  stm32f4xx_ll_usb.o(.text.USB_HC_Init)
    USB_HC_ReadInterrupt                     0x080048e9   Thumb Code     8  stm32f4xx_ll_usb.o(.text.USB_HC_ReadInterrupt)
    USB_HC_StartXfer                         0x080048f1   Thumb Code   744  stm32f4xx_ll_usb.o(.text.USB_HC_StartXfer)
    USB_HostInit                             0x08004be9   Thumb Code   736  stm32f4xx_ll_usb.o(.text.USB_HostInit)
    USB_InitFSLSPClkSel                      0x08004ec9   Thumb Code    64  stm32f4xx_ll_usb.o(.text.USB_InitFSLSPClkSel)
    USB_ReadChInterrupts                     0x08004f09   Thumb Code    16  stm32f4xx_ll_usb.o(.text.USB_ReadChInterrupts)
    USB_ReadInterrupts                       0x08004f19   Thumb Code     8  stm32f4xx_ll_usb.o(.text.USB_ReadInterrupts)
    USB_ReadPacket                           0x08004f21   Thumb Code   170  stm32f4xx_ll_usb.o(.text.USB_ReadPacket)
    USB_ResetPort                            0x08004fcd   Thumb Code    62  stm32f4xx_ll_usb.o(.text.USB_ResetPort)
    USB_SetCurrentMode                       0x0800500d   Thumb Code   872  stm32f4xx_ll_usb.o(.text.USB_SetCurrentMode)
    USB_StopHost                             0x08005375   Thumb Code  2360  stm32f4xx_ll_usb.o(.text.USB_StopHost)
    UsageFault_Handler                       0x08005cad   Thumb Code     2  stm32f4xx_it.o(.text.UsageFault_Handler)
    checkServoResponse                       0x08005cb1   Thumb Code   462  my_dynamixel.o(.text.checkServoResponse)
    disable_all_IT                           0x08005e81   Thumb Code     2  my_dynamixel.o(.text.disable_all_IT)
    dualTransferServo                        0x08005e85   Thumb Code   246  my_dynamixel.o(.text.dualTransferServo)
    enable_all_IT                            0x08005f7d   Thumb Code     2  my_dynamixel.o(.text.enable_all_IT)
    getServo_BaudRate                        0x08005f81   Thumb Code    60  my_dynamixel.o(.text.getServo_BaudRate)
    getServo_OperatingMode                   0x08005fd9   Thumb Code    42  my_dynamixel.o(.text.getServo_OperatingMode)
    getServo_TorqueENA                       0x08006005   Thumb Code    42  my_dynamixel.o(.text.getServo_TorqueENA)
    main                                     0x08006031   Thumb Code   200  main.o(.text.main)
    sendServoCommand                         0x08006105   Thumb Code   294  my_dynamixel.o(.text.sendServoCommand)
    setServoResponse_RxFinished              0x0800622d   Thumb Code     6  my_dynamixel.o(.text.setServoResponse_RxFinished)
    setServo_GoalCurrent                     0x08006235   Thumb Code    40  my_dynamixel.o(.text.setServo_GoalCurrent)
    setServo_GoalPosition                    0x08006261   Thumb Code    80  my_dynamixel.o(.text.setServo_GoalPosition)
    setServo_OperatingMode                   0x080062b9   Thumb Code    36  my_dynamixel.o(.text.setServo_OperatingMode)
    setServo_TorqueENA                       0x080062dd   Thumb Code    38  my_dynamixel.o(.text.setServo_TorqueENA)
    __aeabi_ddiv                             0x08006305   Thumb Code     0  ddiv.o(x$fpl$ddiv)
    _ddiv                                    0x08006305   Thumb Code   560  ddiv.o(x$fpl$ddiv)
    __aeabi_d2iz                             0x080065bd   Thumb Code     0  dfix.o(x$fpl$dfix)
    _dfix                                    0x080065bd   Thumb Code    94  dfix.o(x$fpl$dfix)
    __fpl_dnaninf                            0x0800661b   Thumb Code   156  dnaninf.o(x$fpl$dnaninf)
    __fpl_dretinf                            0x080066b7   Thumb Code    12  dretinf.o(x$fpl$dretinf)
    __aeabi_f2d                              0x080066c5   Thumb Code     0  f2d.o(x$fpl$f2d)
    _f2d                                     0x080066c5   Thumb Code    86  f2d.o(x$fpl$f2d)
    __fpl_fnaninf                            0x0800671b   Thumb Code   140  fnaninf.o(x$fpl$fnaninf)
    _fp_init                                 0x080067a7   Thumb Code    26  fpinit.o(x$fpl$fpinit)
    __fplib_config_fpu_vfp                   0x080067bf   Thumb Code     0  fpinit.o(x$fpl$fpinit)
    __fplib_config_pureend_doubles           0x080067bf   Thumb Code     0  fpinit.o(x$fpl$fpinit)
    AHBPrescTable                            0x080067c0   Data          16  system_stm32f4xx.o(.rodata.AHBPrescTable)
    __I$use$fp                               0x080067c0   Number         0  usenofp.o(x$fpl$usenofp)
    APBPrescTable                            0x080067d0   Data           8  system_stm32f4xx.o(.rodata.APBPrescTable)
    Region$$Table$$Base                      0x080069dc   Number         0  anon$$obj.o(Region$$Table)
    Region$$Table$$Limit                     0x080069fc   Number         0  anon$$obj.o(Region$$Table)
    uwTickFreq                               0x20000000   Data           1  stm32f4xx_hal.o(.data..L_MergedGlobals)
    uwTickPrio                               0x20000004   Data           4  stm32f4xx_hal.o(.data..L_MergedGlobals)
    CDC_Class                                0x20000008   Data          32  usbh_cdc.o(.data.CDC_Class)
    SystemCoreClock                          0x20000028   Data           4  system_stm32f4xx.o(.data.SystemCoreClock)
    __libspace_start                         0x20000030   Data          96  libspace.o(.bss)
    Appli_state                              0x20000090   Data           1  usb_host.o(.bss.Appli_state)
    __temporary_stack_top$libspace           0x20000090   Data           0  libspace.o(.bss)
    hUsbHostFS                               0x20000094   Data         984  usb_host.o(.bss.hUsbHostFS)
    hhcd_USB_OTG_FS                          0x2000046c   Data         992  usbh_conf.o(.bss.hhcd_USB_OTG_FS)
    huart2                                   0x2000084c   Data          72  usart.o(.bss.huart2)
    myServo                                  0x20000894   Data          76  main.o(.bss.myServo)
    uwTick                                   0x200008e0   Data           4  stm32f4xx_hal.o(.bss.uwTick)



==============================================================================

Memory Map of the image

  Image Entry point : 0x08000189

  Load Region LR_IROM1 (Base: 0x08000000, Size: 0x00006a30, Max: 0x00100000, ABSOLUTE)

    Execution Region ER_IROM1 (Exec base: 0x08000000, Load base: 0x08000000, Size: 0x000069fc, Max: 0x00100000, ABSOLUTE)

    Exec Addr    Load Addr    Size         Type   Attr      Idx    E Section Name        Object

    0x08000000   0x08000000   0x00000188   Data   RO            3    RESET               startup_stm32f407xx.o
    0x08000188   0x08000188   0x00000008   Code   RO         1166  * !!!main             c_w.l(__main.o)
    0x08000190   0x08000190   0x0000005c   Code   RO         1408    !!!scatter          c_w.l(__scatter.o)
    0x080001ec   0x080001ec   0x0000001a   Code   RO         1412    !!handler_copy      c_w.l(__scatter_copy.o)
    0x08000206   0x08000206   0x00000002   PAD
    0x08000208   0x08000208   0x00000002   Code   RO         1409    !!handler_null      c_w.l(__scatter.o)
    0x0800020a   0x0800020a   0x00000002   PAD
    0x0800020c   0x0800020c   0x0000001c   Code   RO         1414    !!handler_zi        c_w.l(__scatter_zi.o)
    0x08000228   0x08000228   0x00000002   Code   RO         1334    .ARM.Collect$$libinit$$00000000  c_w.l(libinit.o)
    0x0800022a   0x0800022a   0x00000004   Code   RO         1258    .ARM.Collect$$libinit$$00000001  c_w.l(libinit2.o)
    0x0800022e   0x0800022e   0x00000000   Code   RO         1261    .ARM.Collect$$libinit$$00000004  c_w.l(libinit2.o)
    0x0800022e   0x0800022e   0x00000000   Code   RO         1263    .ARM.Collect$$libinit$$00000006  c_w.l(libinit2.o)
    0x0800022e   0x0800022e   0x00000008   Code   RO         1264    .ARM.Collect$$libinit$$00000007  c_w.l(libinit2.o)
    0x08000236   0x08000236   0x00000000   Code   RO         1266    .ARM.Collect$$libinit$$0000000C  c_w.l(libinit2.o)
    0x08000236   0x08000236   0x00000000   Code   RO         1268    .ARM.Collect$$libinit$$0000000E  c_w.l(libinit2.o)
    0x08000236   0x08000236   0x00000000   Code   RO         1270    .ARM.Collect$$libinit$$00000010  c_w.l(libinit2.o)
    0x08000236   0x08000236   0x00000000   Code   RO         1273    .ARM.Collect$$libinit$$00000013  c_w.l(libinit2.o)
    0x08000236   0x08000236   0x00000000   Code   RO         1275    .ARM.Collect$$libinit$$00000015  c_w.l(libinit2.o)
    0x08000236   0x08000236   0x00000000   Code   RO         1277    .ARM.Collect$$libinit$$00000017  c_w.l(libinit2.o)
    0x08000236   0x08000236   0x00000000   Code   RO         1279    .ARM.Collect$$libinit$$00000019  c_w.l(libinit2.o)
    0x08000236   0x08000236   0x00000000   Code   RO         1281    .ARM.Collect$$libinit$$0000001B  c_w.l(libinit2.o)
    0x08000236   0x08000236   0x00000000   Code   RO         1283    .ARM.Collect$$libinit$$0000001D  c_w.l(libinit2.o)
    0x08000236   0x08000236   0x00000000   Code   RO         1285    .ARM.Collect$$libinit$$0000001F  c_w.l(libinit2.o)
    0x08000236   0x08000236   0x00000000   Code   RO         1287    .ARM.Collect$$libinit$$00000021  c_w.l(libinit2.o)
    0x08000236   0x08000236   0x00000000   Code   RO         1289    .ARM.Collect$$libinit$$00000023  c_w.l(libinit2.o)
    0x08000236   0x08000236   0x00000000   Code   RO         1291    .ARM.Collect$$libinit$$00000025  c_w.l(libinit2.o)
    0x08000236   0x08000236   0x00000000   Code   RO         1293    .ARM.Collect$$libinit$$00000027  c_w.l(libinit2.o)
    0x08000236   0x08000236   0x00000000   Code   RO         1297    .ARM.Collect$$libinit$$0000002E  c_w.l(libinit2.o)
    0x08000236   0x08000236   0x00000000   Code   RO         1299    .ARM.Collect$$libinit$$00000030  c_w.l(libinit2.o)
    0x08000236   0x08000236   0x00000000   Code   RO         1301    .ARM.Collect$$libinit$$00000032  c_w.l(libinit2.o)
    0x08000236   0x08000236   0x00000000   Code   RO         1303    .ARM.Collect$$libinit$$00000034  c_w.l(libinit2.o)
    0x08000236   0x08000236   0x00000002   Code   RO         1304    .ARM.Collect$$libinit$$00000035  c_w.l(libinit2.o)
    0x08000238   0x08000238   0x00000002   Code   RO         1405    .ARM.Collect$$libshutdown$$00000000  c_w.l(libshutdown.o)
    0x0800023a   0x0800023a   0x00000000   Code   RO         1361    .ARM.Collect$$libshutdown$$00000002  c_w.l(libshutdown2.o)
    0x0800023a   0x0800023a   0x00000000   Code   RO         1363    .ARM.Collect$$libshutdown$$00000004  c_w.l(libshutdown2.o)
    0x0800023a   0x0800023a   0x00000000   Code   RO         1366    .ARM.Collect$$libshutdown$$00000007  c_w.l(libshutdown2.o)
    0x0800023a   0x0800023a   0x00000000   Code   RO         1369    .ARM.Collect$$libshutdown$$0000000A  c_w.l(libshutdown2.o)
    0x0800023a   0x0800023a   0x00000000   Code   RO         1371    .ARM.Collect$$libshutdown$$0000000C  c_w.l(libshutdown2.o)
    0x0800023a   0x0800023a   0x00000000   Code   RO         1374    .ARM.Collect$$libshutdown$$0000000F  c_w.l(libshutdown2.o)
    0x0800023a   0x0800023a   0x00000002   Code   RO         1375    .ARM.Collect$$libshutdown$$00000010  c_w.l(libshutdown2.o)
    0x0800023c   0x0800023c   0x00000000   Code   RO         1180    .ARM.Collect$$rtentry$$00000000  c_w.l(__rtentry.o)
    0x0800023c   0x0800023c   0x00000000   Code   RO         1223    .ARM.Collect$$rtentry$$00000002  c_w.l(__rtentry2.o)
    0x0800023c   0x0800023c   0x00000006   Code   RO         1235    .ARM.Collect$$rtentry$$00000004  c_w.l(__rtentry4.o)
    0x08000242   0x08000242   0x00000000   Code   RO         1225    .ARM.Collect$$rtentry$$00000009  c_w.l(__rtentry2.o)
    0x08000242   0x08000242   0x00000004   Code   RO         1226    .ARM.Collect$$rtentry$$0000000A  c_w.l(__rtentry2.o)
    0x08000246   0x08000246   0x00000000   Code   RO         1228    .ARM.Collect$$rtentry$$0000000C  c_w.l(__rtentry2.o)
    0x08000246   0x08000246   0x00000008   Code   RO         1229    .ARM.Collect$$rtentry$$0000000D  c_w.l(__rtentry2.o)
    0x0800024e   0x0800024e   0x00000002   Code   RO         1344    .ARM.Collect$$rtexit$$00000000  c_w.l(rtexit.o)
    0x08000250   0x08000250   0x00000000   Code   RO         1381    .ARM.Collect$$rtexit$$00000002  c_w.l(rtexit2.o)
    0x08000250   0x08000250   0x00000004   Code   RO         1382    .ARM.Collect$$rtexit$$00000003  c_w.l(rtexit2.o)
    0x08000254   0x08000254   0x00000006   Code   RO         1383    .ARM.Collect$$rtexit$$00000004  c_w.l(rtexit2.o)
    0x0800025a   0x0800025a   0x00000002   PAD
    0x0800025c   0x0800025c   0x00000040   Code   RO            4    .text               startup_stm32f407xx.o
    0x0800029c   0x0800029c   0x0000002a   Code   RO         1100    .text               c_w.l(calloc.o)
    0x080002c6   0x080002c6   0x0000004e   Code   RO         1102    .text               c_w.l(h1_free.o)
    0x08000314   0x08000314   0x000000f0   Code   RO         1156    .text               c_w.l(lludivv7m.o)
    0x08000404   0x08000404   0x0000008a   Code   RO         1158    .text               c_w.l(rt_memcpy_v6.o)
    0x0800048e   0x0800048e   0x00000044   Code   RO         1160    .text               c_w.l(rt_memclr.o)
    0x080004d2   0x080004d2   0x0000004e   Code   RO         1162    .text               c_w.l(rt_memclr_w.o)
    0x08000520   0x08000520   0x00000006   Code   RO         1164    .text               c_w.l(heapauxi.o)
    0x08000526   0x08000526   0x00000002   PAD
    0x08000528   0x08000528   0x00000008   Code   RO         1188    .text               c_w.l(rt_heap_descriptor_intlibspace.o)
    0x08000530   0x08000530   0x00000004   Code   RO         1190    .text               c_w.l(hguard.o)
    0x08000534   0x08000534   0x0000008a   Code   RO         1192    .text               c_w.l(init_alloc.o)
    0x080005be   0x080005be   0x0000005e   Code   RO         1198    .text               c_w.l(h1_alloc.o)
    0x0800061c   0x0800061c   0x00000064   Code   RO         1210    .text               c_w.l(rt_memcpy_w.o)
    0x08000680   0x08000680   0x00000008   Code   RO         1219    .text               c_w.l(libspace.o)
    0x08000688   0x08000688   0x00000000   Code   RO         1239    .text               c_w.l(maybetermalloc1.o)
    0x08000688   0x08000688   0x0000000c   Code   RO         1241    .text               c_w.l(h1_init.o)
    0x08000694   0x08000694   0x00000034   Code   RO         1243    .text               c_w.l(h1_extend.o)
    0x080006c8   0x080006c8   0x0000000e   Code   RO         1249    .text               c_w.l(defsig_rtmem_outer.o)
    0x080006d6   0x080006d6   0x0000004a   Code   RO         1309    .text               c_w.l(sys_stackheap_outer.o)
    0x08000720   0x08000720   0x00000012   Code   RO         1317    .text               c_w.l(exit.o)
    0x08000732   0x08000732   0x0000000a   Code   RO         1319    .text               c_w.l(defsig_exit.o)
    0x0800073c   0x0800073c   0x00000050   Code   RO         1325    .text               c_w.l(defsig_rtmem_inner.o)
    0x0800078c   0x0800078c   0x0000000c   Code   RO         1337    .text               c_w.l(sys_exit.o)
    0x08000798   0x08000798   0x00000002   Code   RO         1341    .text               c_w.l(use_no_semi.o)
    0x0800079a   0x0800079a   0x00000000   Code   RO         1343    .text               c_w.l(indicate_semi.o)
    0x0800079a   0x0800079a   0x00000032   Code   RO         1352    .text               c_w.l(defsig_general.o)
    0x080007cc   0x080007cc   0x0000000e   Code   RO         1376    .text               c_w.l(sys_wrch.o)
    0x080007da   0x080007da   0x00000002   PAD
    0x080007dc   0x080007dc   0x00000002   Code   RO          144    .text.BusFault_Handler  stm32f4xx_it.o
    0x080007de   0x080007de   0x00000002   PAD
    0x080007e0   0x080007e0   0x00000002   Code   RO          150    .text.DebugMon_Handler  stm32f4xx_it.o
    0x080007e2   0x080007e2   0x00000002   PAD
    0x080007e4   0x080007e4   0x00000006   Code   RO          100    .text.Error_Handler  main.o
    0x080007ea   0x080007ea   0x00000002   PAD
    0x080007ec   0x080007ec   0x0000008e   Code   RO          577    .text.HAL_DMA_Abort  stm32f4xx_hal_dma.o
    0x0800087a   0x0800087a   0x00000002   PAD
    0x0800087c   0x0800087c   0x00000024   Code   RO          579    .text.HAL_DMA_Abort_IT  stm32f4xx_hal_dma.o
    0x080008a0   0x080008a0   0x00000028   Code   RO          736    .text.HAL_Delay     stm32f4xx_hal.o
    0x080008c8   0x080008c8   0x0000019e   Code   RO          531    .text.HAL_GPIO_Init  stm32f4xx_hal_gpio.o
    0x08000a66   0x08000a66   0x00000002   PAD
    0x08000a68   0x08000a68   0x0000000a   Code   RO          535    .text.HAL_GPIO_ReadPin  stm32f4xx_hal_gpio.o
    0x08000a72   0x08000a72   0x00000002   PAD
    0x08000a74   0x08000a74   0x0000000a   Code   RO          537    .text.HAL_GPIO_WritePin  stm32f4xx_hal_gpio.o
    0x08000a7e   0x08000a7e   0x00000002   PAD
    0x08000a80   0x08000a80   0x0000000c   Code   RO          728    .text.HAL_GetTick   stm32f4xx_hal.o
    0x08000a8c   0x08000a8c   0x00000008   Code   RO          197    .text.HAL_HCD_Connect_Callback  usbh_conf.o
    0x08000a94   0x08000a94   0x00000008   Code   RO          199    .text.HAL_HCD_Disconnect_Callback  usbh_conf.o
    0x08000a9c   0x08000a9c   0x00000006   Code   RO          303    .text.HAL_HCD_GetCurrentFrame  stm32f4xx_hal_hcd.o
    0x08000aa2   0x08000aa2   0x00000002   PAD
    0x08000aa4   0x08000aa4   0x00000006   Code   RO          305    .text.HAL_HCD_GetCurrentSpeed  stm32f4xx_hal_hcd.o
    0x08000aaa   0x08000aaa   0x00000002   PAD
    0x08000aac   0x08000aac   0x0000000e   Code   RO          297    .text.HAL_HCD_HC_GetURBState  stm32f4xx_hal_hcd.o
    0x08000aba   0x08000aba   0x00000002   PAD
    0x08000abc   0x08000abc   0x0000000c   Code   RO          299    .text.HAL_HCD_HC_GetXferCount  stm32f4xx_hal_hcd.o
    0x08000ac8   0x08000ac8   0x00000026   Code   RO          265    .text.HAL_HCD_HC_Halt  stm32f4xx_hal_hcd.o
    0x08000aee   0x08000aee   0x00000002   PAD
    0x08000af0   0x08000af0   0x000000a6   Code   RO          261    .text.HAL_HCD_HC_Init  stm32f4xx_hal_hcd.o
    0x08000b96   0x08000b96   0x00000002   PAD
    0x08000b98   0x08000b98   0x00000002   Code   RO          201    .text.HAL_HCD_HC_NotifyURBChange_Callback  usbh_conf.o
    0x08000b9a   0x08000b9a   0x00000002   PAD
    0x08000b9c   0x08000b9c   0x000000a2   Code   RO          271    .text.HAL_HCD_HC_SubmitRequest  stm32f4xx_hal_hcd.o
    0x08000c3e   0x08000c3e   0x00000002   PAD
    0x08000c40   0x08000c40   0x00000950   Code   RO          273    .text.HAL_HCD_IRQHandler  stm32f4xx_hal_hcd.o
    0x08001590   0x08001590   0x0000008a   Code   RO          257    .text.HAL_HCD_Init  stm32f4xx_hal_hcd.o
    0x0800161a   0x0800161a   0x00000002   PAD
    0x0800161c   0x0800161c   0x0000009c   Code   RO          191    .text.HAL_HCD_MspInit  usbh_conf.o
    0x080016b8   0x080016b8   0x00000008   Code   RO          205    .text.HAL_HCD_PortDisabled_Callback  usbh_conf.o
    0x080016c0   0x080016c0   0x00000008   Code   RO          203    .text.HAL_HCD_PortEnabled_Callback  usbh_conf.o
    0x080016c8   0x080016c8   0x00000006   Code   RO          293    .text.HAL_HCD_ResetPort  stm32f4xx_hal_hcd.o
    0x080016ce   0x080016ce   0x00000002   PAD
    0x080016d0   0x080016d0   0x00000008   Code   RO          195    .text.HAL_HCD_SOF_Callback  usbh_conf.o
    0x080016d8   0x080016d8   0x0000002e   Code   RO          289    .text.HAL_HCD_Start  stm32f4xx_hal_hcd.o
    0x08001706   0x08001706   0x00000002   PAD
    0x08001708   0x08001708   0x00000026   Code   RO          291    .text.HAL_HCD_Stop  stm32f4xx_hal_hcd.o
    0x0800172e   0x0800172e   0x00000002   PAD
    0x08001730   0x08001730   0x0000001a   Code   RO          726    .text.HAL_IncTick   stm32f4xx_hal.o
    0x0800174a   0x0800174a   0x00000002   PAD
    0x0800174c   0x0800174c   0x00000036   Code   RO          716    .text.HAL_Init      stm32f4xx_hal.o
    0x08001782   0x08001782   0x00000002   PAD
    0x08001784   0x08001784   0x00000048   Code   RO          718    .text.HAL_InitTick  stm32f4xx_hal.o
    0x080017cc   0x080017cc   0x0000003c   Code   RO          167    .text.HAL_MspInit   stm32f4xx_hal_msp.o
    0x08001808   0x08001808   0x00000022   Code   RO          668    .text.HAL_NVIC_EnableIRQ  stm32f4xx_hal_cortex.o
    0x0800182a   0x0800182a   0x00000002   PAD
    0x0800182c   0x0800182c   0x00000056   Code   RO          666    .text.HAL_NVIC_SetPriority  stm32f4xx_hal_cortex.o
    0x08001882   0x08001882   0x00000002   PAD
    0x08001884   0x08001884   0x00000020   Code   RO          664    .text.HAL_NVIC_SetPriorityGrouping  stm32f4xx_hal_cortex.o
    0x080018a4   0x080018a4   0x00000164   Code   RO          425    .text.HAL_RCC_ClockConfig  stm32f4xx_hal_rcc.o
    0x08001a08   0x08001a08   0x00000026   Code   RO          437    .text.HAL_RCC_GetPCLK1Freq  stm32f4xx_hal_rcc.o
    0x08001a2e   0x08001a2e   0x00000002   PAD
    0x08001a30   0x08001a30   0x00000026   Code   RO          439    .text.HAL_RCC_GetPCLK2Freq  stm32f4xx_hal_rcc.o
    0x08001a56   0x08001a56   0x00000002   PAD
    0x08001a58   0x08001a58   0x00000070   Code   RO          427    .text.HAL_RCC_GetSysClockFreq  stm32f4xx_hal_rcc.o
    0x08001ac8   0x08001ac8   0x000003ac   Code   RO          423    .text.HAL_RCC_OscConfig  stm32f4xx_hal_rcc.o
    0x08001e74   0x08001e74   0x0000002c   Code   RO          676    .text.HAL_SYSTICK_Config  stm32f4xx_hal_cortex.o
    0x08001ea0   0x08001ea0   0x00000002   Code   RO          892    .text.HAL_UARTEx_RxEventCallback  stm32f4xx_hal_uart.o
    0x08001ea2   0x08001ea2   0x00000002   PAD
    0x08001ea4   0x08001ea4   0x00000002   Code   RO          890    .text.HAL_UART_ErrorCallback  stm32f4xx_hal_uart.o
    0x08001ea6   0x08001ea6   0x00000002   PAD
    0x08001ea8   0x08001ea8   0x00000594   Code   RO          884    .text.HAL_UART_IRQHandler  stm32f4xx_hal_uart.o
    0x0800243c   0x0800243c   0x00000060   Code   RO          806    .text.HAL_UART_Init  stm32f4xx_hal_uart.o
    0x0800249c   0x0800249c   0x00000084   Code   RO          125    .text.HAL_UART_MspInit  usart.o
    0x08002520   0x08002520   0x00000054   Code   RO          828    .text.HAL_UART_Receive_IT  stm32f4xx_hal_uart.o
    0x08002574   0x08002574   0x0000001e   Code   RO          102    .text.HAL_UART_RxCpltCallback  main.o
    0x08002592   0x08002592   0x00000002   PAD
    0x08002594   0x08002594   0x00000192   Code   RO          822    .text.HAL_UART_Transmit  stm32f4xx_hal_uart.o
    0x08002726   0x08002726   0x00000002   PAD
    0x08002728   0x08002728   0x00000002   Code   RO          894    .text.HAL_UART_TxCpltCallback  stm32f4xx_hal_uart.o
    0x0800272a   0x0800272a   0x00000002   PAD
    0x0800272c   0x0800272c   0x00000002   Code   RO          140    .text.HardFault_Handler  stm32f4xx_it.o
    0x0800272e   0x0800272e   0x00000002   PAD
    0x08002730   0x08002730   0x00000018   Code   RO          248    .text.MX_DriverVbusFS  usbh_platform.o
    0x08002748   0x08002748   0x000001f6   Code   RO          114    .text.MX_GPIO_Init  gpio.o
    0x0800293e   0x0800293e   0x00000002   PAD
    0x08002940   0x08002940   0x0000003c   Code   RO          123    .text.MX_USART2_UART_Init  usart.o
    0x0800297c   0x0800297c   0x00000056   Code   RO          175    .text.MX_USB_HOST_Init  usb_host.o
    0x080029d2   0x080029d2   0x00000002   PAD
    0x080029d4   0x080029d4   0x0000000c   Code   RO          179    .text.MX_USB_HOST_Process  usb_host.o
    0x080029e0   0x080029e0   0x00000002   Code   RO          142    .text.MemManage_Handler  stm32f4xx_it.o
    0x080029e2   0x080029e2   0x00000002   PAD
    0x080029e4   0x080029e4   0x00000002   Code   RO          138    .text.NMI_Handler   stm32f4xx_it.o
    0x080029e6   0x080029e6   0x00000002   PAD
    0x080029e8   0x080029e8   0x0000000c   Code   RO          158    .text.OTG_FS_IRQHandler  stm32f4xx_it.o
    0x080029f4   0x080029f4   0x00000002   Code   RO          152    .text.PendSV_Handler  stm32f4xx_it.o
    0x080029f6   0x080029f6   0x00000002   PAD
    0x080029f8   0x080029f8   0x00000002   Code   RO          148    .text.SVC_Handler   stm32f4xx_it.o
    0x080029fa   0x080029fa   0x00000002   PAD
    0x080029fc   0x080029fc   0x00000004   Code   RO          154    .text.SysTick_Handler  stm32f4xx_it.o
    0x08002a00   0x08002a00   0x000000ac   Code   RO           98    .text.SystemClock_Config  main.o
    0x08002aac   0x08002aac   0x00000012   Code   RO          928    .text.SystemInit    system_stm32f4xx.o
    0x08002abe   0x08002abe   0x00000002   PAD
    0x08002ac0   0x08002ac0   0x0000000a   Code   RO          888    .text.UART_DMAAbortOnError  stm32f4xx_hal_uart.o
    0x08002aca   0x08002aca   0x00000002   PAD
    0x08002acc   0x08002acc   0x000000fe   Code   RO          886    .text.UART_Receive_IT  stm32f4xx_hal_uart.o
    0x08002bca   0x08002bca   0x00000002   PAD
    0x08002bcc   0x08002bcc   0x000000e6   Code   RO          810    .text.UART_SetConfig  stm32f4xx_hal_uart.o
    0x08002cb2   0x08002cb2   0x00000002   PAD
    0x08002cb4   0x08002cb4   0x0000000c   Code   RO          156    .text.USART2_IRQHandler  stm32f4xx_it.o
    0x08002cc0   0x08002cc0   0x000000d2   Code   RO         1047    .text.USBH_AllocPipe  usbh_pipes.o
    0x08002d92   0x08002d92   0x00000002   PAD
    0x08002d94   0x08002d94   0x00000026   Code   RO         1025    .text.USBH_BulkReceiveData  usbh_ioreq.o
    0x08002dba   0x08002dba   0x00000002   PAD
    0x08002dbc   0x08002dbc   0x00000032   Code   RO         1023    .text.USBH_BulkSendData  usbh_ioreq.o
    0x08002dee   0x08002dee   0x00000002   PAD
    0x08002df0   0x08002df0   0x0000003c   Code   RO         1063    .text.USBH_CDC_ClassRequest  usbh_cdc.o
    0x08002e2c   0x08002e2c   0x00000064   Code   RO         1061    .text.USBH_CDC_InterfaceDeInit  usbh_cdc.o
    0x08002e90   0x08002e90   0x00000156   Code   RO         1059    .text.USBH_CDC_InterfaceInit  usbh_cdc.o
    0x08002fe6   0x08002fe6   0x00000002   PAD
    0x08002fe8   0x08002fe8   0x00000002   Code   RO         1085    .text.USBH_CDC_LineCodingChanged  usbh_cdc.o
    0x08002fea   0x08002fea   0x00000002   PAD
    0x08002fec   0x08002fec   0x000001ba   Code   RO         1065    .text.USBH_CDC_Process  usbh_cdc.o
    0x080031a6   0x080031a6   0x00000002   PAD
    0x080031a8   0x080031a8   0x00000002   Code   RO         1083    .text.USBH_CDC_ReceiveCallback  usbh_cdc.o
    0x080031aa   0x080031aa   0x00000002   PAD
    0x080031ac   0x080031ac   0x00000004   Code   RO         1067    .text.USBH_CDC_SOFProcess  usbh_cdc.o
    0x080031b0   0x080031b0   0x00000002   Code   RO         1081    .text.USBH_CDC_TransmitCallback  usbh_cdc.o
    0x080031b2   0x080031b2   0x00000002   PAD
    0x080031b4   0x080031b4   0x0000000a   Code   RO         1045    .text.USBH_ClosePipe  usbh_pipes.o
    0x080031be   0x080031be   0x00000002   PAD
    0x080031c0   0x080031c0   0x0000001a   Code   RO         1005    .text.USBH_ClrFeature  usbh_ctlreq.o
    0x080031da   0x080031da   0x00000002   PAD
    0x080031dc   0x080031dc   0x00000026   Code   RO         1021    .text.USBH_CtlReceiveData  usbh_ioreq.o
    0x08003202   0x08003202   0x00000002   PAD
    0x08003204   0x08003204   0x000001e2   Code   RO          995    .text.USBH_CtlReq   usbh_ctlreq.o
    0x080033e6   0x080033e6   0x00000002   PAD
    0x080033e8   0x080033e8   0x00000032   Code   RO         1019    .text.USBH_CtlSendData  usbh_ioreq.o
    0x0800341a   0x0800341a   0x00000002   PAD
    0x0800341c   0x0800341c   0x00000024   Code   RO         1017    .text.USBH_CtlSendSetup  usbh_ioreq.o
    0x08003440   0x08003440   0x00000004   Code   RO          237    .text.USBH_Delay    usbh_conf.o
    0x08003444   0x08003444   0x000000fa   Code   RO          953    .text.USBH_FindInterface  usbh_core.o
    0x0800353e   0x0800353e   0x00000002   PAD
    0x08003540   0x08003540   0x00000018   Code   RO         1049    .text.USBH_FreePipe  usbh_pipes.o
    0x08003558   0x08003558   0x0000028c   Code   RO          991    .text.USBH_Get_CfgDesc  usbh_ctlreq.o
    0x080037e4   0x080037e4   0x000000ba   Code   RO          987    .text.USBH_Get_DevDesc  usbh_ctlreq.o
    0x0800389e   0x0800389e   0x00000002   PAD
    0x080038a0   0x080038a0   0x000000bc   Code   RO          993    .text.USBH_Get_StringDesc  usbh_ctlreq.o
    0x0800395c   0x0800395c   0x00000076   Code   RO          943    .text.USBH_Init     usbh_core.o
    0x080039d2   0x080039d2   0x00000002   PAD
    0x080039d4   0x080039d4   0x00000022   Code   RO          225    .text.USBH_LL_ClosePipe  usbh_conf.o
    0x080039f6   0x080039f6   0x00000002   PAD
    0x080039f8   0x080039f8   0x00000016   Code   RO          975    .text.USBH_LL_Connect  usbh_core.o
    0x08003a0e   0x08003a0e   0x00000002   PAD
    0x08003a10   0x08003a10   0x0000002e   Code   RO          977    .text.USBH_LL_Disconnect  usbh_core.o
    0x08003a3e   0x08003a3e   0x00000002   PAD
    0x08003a40   0x08003a40   0x0000001a   Code   RO          231    .text.USBH_LL_DriverVBUS  usbh_conf.o
    0x08003a5a   0x08003a5a   0x00000002   PAD
    0x08003a5c   0x08003a5c   0x00000008   Code   RO          221    .text.USBH_LL_GetLastXferSize  usbh_conf.o
    0x08003a64   0x08003a64   0x00000014   Code   RO          217    .text.USBH_LL_GetSpeed  usbh_conf.o
    0x08003a78   0x08003a78   0x00000008   Code   RO          229    .text.USBH_LL_GetURBState  usbh_conf.o
    0x08003a80   0x08003a80   0x0000001e   Code   RO          969    .text.USBH_LL_IncTimer  usbh_core.o
    0x08003a9e   0x08003a9e   0x00000002   PAD
    0x08003aa0   0x08003aa0   0x0000005c   Code   RO          207    .text.USBH_LL_Init  usbh_conf.o
    0x08003afc   0x08003afc   0x00000032   Code   RO          223    .text.USBH_LL_OpenPipe  usbh_conf.o
    0x08003b2e   0x08003b2e   0x00000002   PAD
    0x08003b30   0x08003b30   0x0000000e   Code   RO          973    .text.USBH_LL_PortDisabled  usbh_core.o
    0x08003b3e   0x08003b3e   0x00000002   PAD
    0x08003b40   0x08003b40   0x00000008   Code   RO          971    .text.USBH_LL_PortEnabled  usbh_core.o
    0x08003b48   0x08003b48   0x00000022   Code   RO          219    .text.USBH_LL_ResetPort  usbh_conf.o
    0x08003b6a   0x08003b6a   0x00000002   PAD
    0x08003b6c   0x08003b6c   0x00000006   Code   RO          967    .text.USBH_LL_SetTimer  usbh_core.o
    0x08003b72   0x08003b72   0x00000002   PAD
    0x08003b74   0x08003b74   0x00000020   Code   RO          233    .text.USBH_LL_SetToggle  usbh_conf.o
    0x08003b94   0x08003b94   0x00000022   Code   RO          213    .text.USBH_LL_Start  usbh_conf.o
    0x08003bb6   0x08003bb6   0x00000002   PAD
    0x08003bb8   0x08003bb8   0x00000022   Code   RO          215    .text.USBH_LL_Stop  usbh_conf.o
    0x08003bda   0x08003bda   0x00000002   PAD
    0x08003bdc   0x08003bdc   0x00000036   Code   RO          227    .text.USBH_LL_SubmitURB  usbh_conf.o
    0x08003c12   0x08003c12   0x00000002   PAD
    0x08003c14   0x08003c14   0x0000001a   Code   RO         1043    .text.USBH_OpenPipe  usbh_pipes.o
    0x08003c2e   0x08003c2e   0x00000002   PAD
    0x08003c30   0x08003c30   0x000004ac   Code   RO          965    .text.USBH_Process  usbh_core.o
    0x080040dc   0x080040dc   0x0000001a   Code   RO          947    .text.USBH_RegisterClass  usbh_core.o
    0x080040f6   0x080040f6   0x00000002   PAD
    0x080040f8   0x080040f8   0x00000012   Code   RO          949    .text.USBH_SelectInterface  usbh_core.o
    0x0800410a   0x0800410a   0x00000002   PAD
    0x0800410c   0x0800410c   0x0000001a   Code   RO          997    .text.USBH_SetAddress  usbh_ctlreq.o
    0x08004126   0x08004126   0x00000002   PAD
    0x08004128   0x08004128   0x0000001a   Code   RO          999    .text.USBH_SetCfg   usbh_ctlreq.o
    0x08004142   0x08004142   0x00000002   PAD
    0x08004144   0x08004144   0x0000001a   Code   RO         1003    .text.USBH_SetFeature  usbh_ctlreq.o
    0x0800415e   0x0800415e   0x00000002   PAD
    0x08004160   0x08004160   0x00000014   Code   RO          957    .text.USBH_Start    usbh_core.o
    0x08004174   0x08004174   0x0000003a   Code   RO          177    .text.USBH_UserProcess  usb_host.o
    0x080041ae   0x080041ae   0x00000002   PAD
    0x080041b0   0x080041b0   0x00000276   Code   RO          317    .text.USB_CoreInit  stm32f4xx_ll_usb.o
    0x08004426   0x08004426   0x00000002   PAD
    0x08004428   0x08004428   0x0000000e   Code   RO          323    .text.USB_DisableGlobalInt  stm32f4xx_ll_usb.o
    0x08004436   0x08004436   0x00000002   PAD
    0x08004438   0x08004438   0x0000004c   Code   RO          391    .text.USB_DriveVbus  stm32f4xx_ll_usb.o
    0x08004484   0x08004484   0x0000000e   Code   RO          321    .text.USB_EnableGlobalInt  stm32f4xx_ll_usb.o
    0x08004492   0x08004492   0x00000002   PAD
    0x08004494   0x08004494   0x000000be   Code   RO          335    .text.USB_FlushRxFifo  stm32f4xx_ll_usb.o
    0x08004552   0x08004552   0x00000002   PAD
    0x08004554   0x08004554   0x000000be   Code   RO          333    .text.USB_FlushTxFifo  stm32f4xx_ll_usb.o
    0x08004612   0x08004612   0x00000002   PAD
    0x08004614   0x08004614   0x00000008   Code   RO          395    .text.USB_GetCurrentFrame  stm32f4xx_ll_usb.o
    0x0800461c   0x0800461c   0x00000016   Code   RO          393    .text.USB_GetHostSpeed  stm32f4xx_ll_usb.o
    0x08004632   0x08004632   0x00000002   PAD
    0x08004634   0x08004634   0x00000008   Code   RO          327    .text.USB_GetMode   stm32f4xx_ll_usb.o
    0x0800463c   0x0800463c   0x00000182   Code   RO          405    .text.USB_HC_Halt   stm32f4xx_ll_usb.o
    0x080047be   0x080047be   0x00000002   PAD
    0x080047c0   0x080047c0   0x00000126   Code   RO          397    .text.USB_HC_Init   stm32f4xx_ll_usb.o
    0x080048e6   0x080048e6   0x00000002   PAD
    0x080048e8   0x080048e8   0x00000008   Code   RO          403    .text.USB_HC_ReadInterrupt  stm32f4xx_ll_usb.o
    0x080048f0   0x080048f0   0x000002f8   Code   RO          399    .text.USB_HC_StartXfer  stm32f4xx_ll_usb.o
    0x08004be8   0x08004be8   0x000002e0   Code   RO          385    .text.USB_HostInit  stm32f4xx_ll_usb.o
    0x08004ec8   0x08004ec8   0x00000040   Code   RO          387    .text.USB_InitFSLSPClkSel  stm32f4xx_ll_usb.o
    0x08004f08   0x08004f08   0x00000010   Code   RO          369    .text.USB_ReadChInterrupts  stm32f4xx_ll_usb.o
    0x08004f18   0x08004f18   0x00000008   Code   RO          367    .text.USB_ReadInterrupts  stm32f4xx_ll_usb.o
    0x08004f20   0x08004f20   0x000000aa   Code   RO          353    .text.USB_ReadPacket  stm32f4xx_ll_usb.o
    0x08004fca   0x08004fca   0x00000002   PAD
    0x08004fcc   0x08004fcc   0x0000003e   Code   RO          389    .text.USB_ResetPort  stm32f4xx_ll_usb.o
    0x0800500a   0x0800500a   0x00000002   PAD
    0x0800500c   0x0800500c   0x00000368   Code   RO          325    .text.USB_SetCurrentMode  stm32f4xx_ll_usb.o
    0x08005374   0x08005374   0x00000938   Code   RO          407    .text.USB_StopHost  stm32f4xx_ll_usb.o
    0x08005cac   0x08005cac   0x00000002   Code   RO          146    .text.UsageFault_Handler  stm32f4xx_it.o
    0x08005cae   0x08005cae   0x00000002   PAD
    0x08005cb0   0x08005cb0   0x000001ce   Code   RO           31    .text.checkServoResponse  my_dynamixel.o
    0x08005e7e   0x08005e7e   0x00000002   PAD
    0x08005e80   0x08005e80   0x00000002   Code   RO           83    .text.disable_all_IT  my_dynamixel.o
    0x08005e82   0x08005e82   0x00000002   PAD
    0x08005e84   0x08005e84   0x000000f6   Code   RO           35    .text.dualTransferServo  my_dynamixel.o
    0x08005f7a   0x08005f7a   0x00000002   PAD
    0x08005f7c   0x08005f7c   0x00000002   Code   RO           85    .text.enable_all_IT  my_dynamixel.o
    0x08005f7e   0x08005f7e   0x00000002   PAD
    0x08005f80   0x08005f80   0x00000058   Code   RO           57    .text.getServo_BaudRate  my_dynamixel.o
    0x08005fd8   0x08005fd8   0x0000002a   Code   RO           73    .text.getServo_OperatingMode  my_dynamixel.o
    0x08006002   0x08006002   0x00000002   PAD
    0x08006004   0x08006004   0x0000002a   Code   RO           63    .text.getServo_TorqueENA  my_dynamixel.o
    0x0800602e   0x0800602e   0x00000002   PAD
    0x08006030   0x08006030   0x000000d4   Code   RO           96    .text.main          main.o
    0x08006104   0x08006104   0x00000126   Code   RO           27    .text.sendServoCommand  my_dynamixel.o
    0x0800622a   0x0800622a   0x00000002   PAD
    0x0800622c   0x0800622c   0x00000006   Code   RO           23    .text.setServoResponse_RxFinished  my_dynamixel.o
    0x08006232   0x08006232   0x00000002   PAD
    0x08006234   0x08006234   0x00000028   Code   RO           45    .text.setServo_GoalCurrent  my_dynamixel.o
    0x0800625c   0x0800625c   0x00000004   PAD
    0x08006260   0x08006260   0x00000058   Code   RO           47    .text.setServo_GoalPosition  my_dynamixel.o
    0x080062b8   0x080062b8   0x00000024   Code   RO           41    .text.setServo_OperatingMode  my_dynamixel.o
    0x080062dc   0x080062dc   0x00000026   Code   RO           43    .text.setServo_TorqueENA  my_dynamixel.o
    0x08006302   0x08006302   0x00000002   PAD
    0x08006304   0x08006304   0x000002b8   Code   RO         1169    x$fpl$ddiv          fz_wm.l(ddiv.o)
    0x080065bc   0x080065bc   0x0000005e   Code   RO         1172    x$fpl$dfix          fz_wm.l(dfix.o)
    0x0800661a   0x0800661a   0x0000009c   Code   RO         1212    x$fpl$dnaninf       fz_wm.l(dnaninf.o)
    0x080066b6   0x080066b6   0x0000000c   Code   RO         1214    x$fpl$dretinf       fz_wm.l(dretinf.o)
    0x080066c2   0x080066c2   0x00000002   PAD
    0x080066c4   0x080066c4   0x00000056   Code   RO         1176    x$fpl$f2d           fz_wm.l(f2d.o)
    0x0800671a   0x0800671a   0x0000008c   Code   RO         1216    x$fpl$fnaninf       fz_wm.l(fnaninf.o)
    0x080067a6   0x080067a6   0x0000001a   Code   RO         1335    x$fpl$fpinit        fz_wm.l(fpinit.o)
    0x080067c0   0x080067c0   0x00000000   Code   RO         1218    x$fpl$usenofp       fz_wm.l(usenofp.o)
    0x080067c0   0x080067c0   0x00000010   Data   RO          933    .rodata.AHBPrescTable  system_stm32f4xx.o
    0x080067d0   0x080067d0   0x00000008   Data   RO          934    .rodata.APBPrescTable  system_stm32f4xx.o
    0x080067d8   0x080067d8   0x00000004   Data   RO         1087    .rodata.str1.1      usbh_cdc.o
    0x080067dc   0x080067dc   0x00000200   Data   RO           87    .rodata.updateCRC.crc_table  my_dynamixel.o
    0x080069dc   0x080069dc   0x00000020   Data   RO         1407    Region$$Table       anon$$obj.o


    Execution Region RW_IRAM1 (Exec base: 0x20000000, Load base: 0x08006a00, Size: 0x00000ee8, Max: 0x0001c000, ABSOLUTE)

    Exec Addr    Load Addr    Size         Type   Attr      Idx    E Section Name        Object

    0x20000000   0x08006a00   0x00000008   Data   RW          771    .data..L_MergedGlobals  stm32f4xx_hal.o
    0x20000008   0x08006a08   0x00000020   Data   RW         1088    .data.CDC_Class     usbh_cdc.o
    0x20000028   0x08006a28   0x00000004   Data   RW          932    .data.SystemCoreClock  system_stm32f4xx.o
    0x2000002c   0x08006a2c   0x00000004   PAD
    0x20000030        -       0x00000060   Zero   RW         1220    .bss                c_w.l(libspace.o)
    0x20000090        -       0x00000001   Zero   RW          181    .bss.Appli_state    usb_host.o
    0x20000091   0x08006a2c   0x00000003   PAD
    0x20000094        -       0x000003d8   Zero   RW          182    .bss.hUsbHostFS     usb_host.o
    0x2000046c        -       0x000003e0   Zero   RW          239    .bss.hhcd_USB_OTG_FS  usbh_conf.o
    0x2000084c        -       0x00000048   Zero   RW          129    .bss.huart2         usart.o
    0x20000894        -       0x0000004c   Zero   RW          104    .bss.myServo        main.o
    0x200008e0        -       0x00000004   Zero   RW          770    .bss.uwTick         stm32f4xx_hal.o
    0x200008e4   0x08006a2c   0x00000004   PAD
    0x200008e8        -       0x00000200   Zero   RW            2    HEAP                startup_stm32f407xx.o
    0x20000ae8        -       0x00000400   Zero   RW            1    STACK               startup_stm32f407xx.o


    Execution Region RW_IRAM2 (Exec base: 0x2001c000, Load base: 0x08006a30, Size: 0x00000000, Max: 0x00004000, ABSOLUTE)

    **** No section assigned to this execution region ****


==============================================================================

Image component sizes


      Code (inc. data)   RO Data    RW Data    ZI Data      Debug   Object Name

       502          0          0          0          0       2488   gpio.o
       420         12          0          0         76       6866   main.o
      1386         36        512          0          0      20522   my_dynamixel.o
        64         26        392          0       1536        832   startup_stm32f407xx.o
       204          0          0          8          4       7303   stm32f4xx_hal.o
       196          0          0          0          0      10721   stm32f4xx_hal_cortex.o
       178          0          0          0          0      10569   stm32f4xx_hal_dma.o
       434          0          0          0          0       5431   stm32f4xx_hal_gpio.o
      3016         38          0          0          0      15619   stm32f4xx_hal_hcd.o
        60          0          0          0          0       1602   stm32f4xx_hal_msp.o
      1484          4          0          0          0       7630   stm32f4xx_hal_rcc.o
      2510          0          0          0          0      32797   stm32f4xx_hal_uart.o
        44          0          0          0          0       6526   stm32f4xx_it.o
      6888         26          0          0          0      37519   stm32f4xx_ll_usb.o
        18          0         24          4          0       2592   system_stm32f4xx.o
       192          0          0          0         72       6950   usart.o
       156          0          0          0        985       5797   usb_host.o
       954          6          4         32          0      13323   usbh_cdc.o
       628          0          0          0        992      18330   usbh_conf.o
      1754         40          0          0          0      12413   usbh_core.o
      1612         32          0          0          0      14798   usbh_ctlreq.o
       212          0          0          0          0       8206   usbh_ioreq.o
       270          0          0          0          0       6821   usbh_pipes.o
        24          0          0          0          0       1368   usbh_platform.o

    ----------------------------------------------------------------------
     23400        220        964         44       3676     257023   Object Totals
         0          0         32          0          0          0   (incl. Generated)
       194          0          0          0         11          0   (incl. Padding)

    ----------------------------------------------------------------------

      Code (inc. data)   RO Data    RW Data    ZI Data      Debug   Library Member Name

         8          0          0          0          0         68   __main.o
         0          0          0          0          0          0   __rtentry.o
        12          0          0          0          0          0   __rtentry2.o
         6          0          0          0          0          0   __rtentry4.o
        94          8          0          0          0          0   __scatter.o
        26          0          0          0          0          0   __scatter_copy.o
        28          0          0          0          0          0   __scatter_zi.o
        42          0          0          0          0         80   calloc.o
        10          0          0          0          0         68   defsig_exit.o
        50          0          0          0          0         88   defsig_general.o
        80         58          0          0          0         76   defsig_rtmem_inner.o
        14          0          0          0          0         80   defsig_rtmem_outer.o
        18          0          0          0          0         80   exit.o
        94          0          0          0          0         80   h1_alloc.o
        52          0          0          0          0         68   h1_extend.o
        78          0          0          0          0         80   h1_free.o
        12          0          0          0          0         84   h1_init.o
         6          0          0          0          0        152   heapauxi.o
         4          0          0          0          0        136   hguard.o
         0          0          0          0          0          0   indicate_semi.o
       138          0          0          0          0        168   init_alloc.o
         2          0          0          0          0          0   libinit.o
        14          0          0          0          0          0   libinit2.o
         2          0          0          0          0          0   libshutdown.o
         2          0          0          0          0          0   libshutdown2.o
         8          4          0          0         96         68   libspace.o
       240          0          0          0          0        100   lludivv7m.o
         0          0          0          0          0          0   maybetermalloc1.o
         8          4          0          0          0         68   rt_heap_descriptor_intlibspace.o
        68          0          0          0          0         68   rt_memclr.o
        78          0          0          0          0         80   rt_memclr_w.o
       138          0          0          0          0         68   rt_memcpy_v6.o
       100          0          0          0          0         80   rt_memcpy_w.o
         2          0          0          0          0          0   rtexit.o
        10          0          0          0          0          0   rtexit2.o
        12          4          0          0          0         68   sys_exit.o
        74          0          0          0          0         80   sys_stackheap_outer.o
        14          0          0          0          0         76   sys_wrch.o
         2          0          0          0          0         68   use_no_semi.o
       696        140          0          0          0        264   ddiv.o
        94          4          0          0          0        140   dfix.o
       156          4          0          0          0        140   dnaninf.o
        12          0          0          0          0        116   dretinf.o
        86          4          0          0          0        132   f2d.o
       140          4          0          0          0        132   fnaninf.o
        26          0          0          0          0        116   fpinit.o
         0          0          0          0          0          0   usenofp.o

    ----------------------------------------------------------------------
      2768        234          0          0         96       3172   Library Totals
        12          0          0          0          0          0   (incl. Padding)

    ----------------------------------------------------------------------

      Code (inc. data)   RO Data    RW Data    ZI Data      Debug   Library Name

      1546         78          0          0         96       2132   c_w.l
      1210        156          0          0          0       1040   fz_wm.l

    ----------------------------------------------------------------------
      2768        234          0          0         96       3172   Library Totals

    ----------------------------------------------------------------------

==============================================================================


      Code (inc. data)   RO Data    RW Data    ZI Data      Debug   

     26168        454        964         44       3772     258079   Grand Totals
     26168        454        964         44       3772     258079   ELF Image Totals
     26168        454        964         44          0          0   ROM Totals

==============================================================================

    Total RO  Size (Code + RO Data)                27132 (  26.50kB)
    Total RW  Size (RW Data + ZI Data)              3816 (   3.73kB)
    Total ROM Size (Code + RO Data + RW Data)      27176 (  26.54kB)

==============================================================================

